Component: ARM Compiler 5.06 update 5 (build 528) Tool: armlink [4d35e2]

==============================================================================

Section Cross References

    startup_stm32f103xb.o(STACK) refers (Special) to heapauxi.o(.text) for __use_two_region_memory
    startup_stm32f103xb.o(HEAP) refers (Special) to heapauxi.o(.text) for __use_two_region_memory
    startup_stm32f103xb.o(RESET) refers (Special) to heapauxi.o(.text) for __use_two_region_memory
    startup_stm32f103xb.o(RESET) refers to startup_stm32f103xb.o(STACK) for __initial_sp
    startup_stm32f103xb.o(RESET) refers to startup_stm32f103xb.o(.text) for Reset_Handler
    startup_stm32f103xb.o(RESET) refers to stm32f1xx_it.o(i.NMI_Handler) for NMI_Handler
    startup_stm32f103xb.o(RESET) refers to stm32f1xx_it.o(i.HardFault_Handler) for HardFault_Handler
    startup_stm32f103xb.o(RESET) refers to stm32f1xx_it.o(i.MemManage_Handler) for MemManage_Handler
    startup_stm32f103xb.o(RESET) refers to stm32f1xx_it.o(i.BusFault_Handler) for BusFault_Handler
    startup_stm32f103xb.o(RESET) refers to stm32f1xx_it.o(i.UsageFault_Handler) for UsageFault_Handler
    startup_stm32f103xb.o(RESET) refers to port.o(.emb_text) for SVC_Handler
    startup_stm32f103xb.o(RESET) refers to stm32f1xx_it.o(i.DebugMon_Handler) for DebugMon_Handler
    startup_stm32f103xb.o(RESET) refers to stm32f1xx_it.o(i.SysTick_Handler) for SysTick_Handler
    startup_stm32f103xb.o(RESET) refers to stm32f1xx_it.o(i.TIM4_IRQHandler) for TIM4_IRQHandler
    startup_stm32f103xb.o(.text) refers (Special) to heapauxi.o(.text) for __use_two_region_memory
    startup_stm32f103xb.o(.text) refers to system_stm32f1xx.o(i.SystemInit) for SystemInit
    startup_stm32f103xb.o(.text) refers to __main.o(!!!main) for __main
    startup_stm32f103xb.o(.text) refers to startup_stm32f103xb.o(HEAP) for Heap_Mem
    startup_stm32f103xb.o(.text) refers to startup_stm32f103xb.o(STACK) for Stack_Mem
    freertos_demo.o(i.FreeRTOS_Start) refers to tasks.o(i.xTaskCreateStatic) for xTaskCreateStatic
    freertos_demo.o(i.FreeRTOS_Start) refers to tasks.o(i.vTaskStartScheduler) for vTaskStartScheduler
    freertos_demo.o(i.FreeRTOS_Start) refers to freertos_demo.o(.bss) for Start_Task_TCB
    freertos_demo.o(i.FreeRTOS_Start) refers to freertos_demo.o(i.Start_Task) for Start_Task
    freertos_demo.o(i.FreeRTOS_Start) refers to freertos_demo.o(.data) for Start_Task_Handler
    freertos_demo.o(i.Start_Task) refers to port.o(i.vPortEnterCritical) for vPortEnterCritical
    freertos_demo.o(i.Start_Task) refers to tasks.o(i.xTaskCreateStatic) for xTaskCreateStatic
    freertos_demo.o(i.Start_Task) refers to port.o(i.vPortExitCritical) for vPortExitCritical
    freertos_demo.o(i.Start_Task) refers to tasks.o(i.vTaskDelete) for vTaskDelete
    freertos_demo.o(i.Start_Task) refers to freertos_demo.o(.bss) for Task1_TCB
    freertos_demo.o(i.Start_Task) refers to freertos_demo.o(i.Task1) for Task1
    freertos_demo.o(i.Start_Task) refers to freertos_demo.o(.data) for Task1_Handler
    freertos_demo.o(i.Start_Task) refers to freertos_demo.o(i.Task2) for Task2
    freertos_demo.o(i.Start_Task) refers to freertos_demo.o(i.Task3) for Task3
    freertos_demo.o(i.Task1) refers to led.o(i.LED1_Triggle) for LED1_Triggle
    freertos_demo.o(i.Task2) refers to led.o(i.LED2_Triggle) for LED2_Triggle
    freertos_demo.o(i.Task3) refers to key.o(i.Get_KeyNum) for Get_KeyNum
    freertos_demo.o(i.Task3) refers to tasks.o(i.vTaskDelete) for vTaskDelete
    freertos_demo.o(i.Task3) refers to tasks.o(i.vTaskDelay) for vTaskDelay
    freertos_demo.o(i.Task3) refers to freertos_demo.o(.data) for Task1_Handler
    freertos_demo.o(i.vApplicationGetIdleTaskMemory) refers to freertos_demo.o(.bss) for Idle_Task_TCB
    freertos_demo.o(i.vApplicationGetTimerTaskMemory) refers to freertos_demo.o(.bss) for Timer_Task_TCB
    main.o(i.HAL_TIM_PeriodElapsedCallback) refers to stm32f1xx_hal.o(i.HAL_IncTick) for HAL_IncTick
    main.o(i.SystemClock_Config) refers to rt_memclr_w.o(.text) for __aeabi_memclr4
    main.o(i.SystemClock_Config) refers to stm32f1xx_hal_rcc.o(i.HAL_RCC_OscConfig) for HAL_RCC_OscConfig
    main.o(i.SystemClock_Config) refers to main.o(i.Error_Handler) for Error_Handler
    main.o(i.SystemClock_Config) refers to stm32f1xx_hal_rcc.o(i.HAL_RCC_ClockConfig) for HAL_RCC_ClockConfig
    main.o(i.main) refers to stm32f1xx_hal.o(i.HAL_Init) for HAL_Init
    main.o(i.main) refers to main.o(i.SystemClock_Config) for SystemClock_Config
    main.o(i.main) refers to gpio.o(i.MX_GPIO_Init) for MX_GPIO_Init
    main.o(i.main) refers to freertos_demo.o(i.FreeRTOS_Start) for FreeRTOS_Start
    gpio.o(i.MX_GPIO_Init) refers to stm32f1xx_hal_gpio.o(i.HAL_GPIO_WritePin) for HAL_GPIO_WritePin
    gpio.o(i.MX_GPIO_Init) refers to stm32f1xx_hal_gpio.o(i.HAL_GPIO_Init) for HAL_GPIO_Init
    stm32f1xx_it.o(i.SysTick_Handler) refers to tasks.o(i.xTaskGetSchedulerState) for xTaskGetSchedulerState
[...]
    ../Core/Src/main.c                       0x00000000   Number         0  main.o ABSOLUTE
    ../Core/Src/stm32f1xx_hal_msp.c          0x00000000   Number         0  stm32f1xx_hal_msp.o ABSOLUTE
    ../Core/Src/stm32f1xx_hal_timebase_tim.c 0x00000000   Number         0  stm32f1xx_hal_timebase_tim.o ABSOLUTE
    ../Core/Src/stm32f1xx_it.c               0x00000000   Number         0  stm32f1xx_it.o ABSOLUTE
    ../Core/Src/system_stm32f1xx.c           0x00000000   Number         0  system_stm32f1xx.o ABSOLUTE
    ../Drivers/STM32F1xx_HAL_Driver/Src/stm32f1xx_hal.c 0x00000000   Number         0  stm32f1xx_hal.o ABSOLUTE
    ../Drivers/STM32F1xx_HAL_Driver/Src/stm32f1xx_hal_cortex.c 0x00000000   Number         0  stm32f1xx_hal_cortex.o ABSOLUTE
    ../Drivers/STM32F1xx_HAL_Driver/Src/stm32f1xx_hal_dma.c 0x00000000   Number         0  stm32f1xx_hal_dma.o ABSOLUTE
    ../Drivers/STM32F1xx_HAL_Driver/Src/stm32f1xx_hal_exti.c 0x00000000   Number         0  stm32f1xx_hal_exti.o ABSOLUTE
    ../Drivers/STM32F1xx_HAL_Driver/Src/stm32f1xx_hal_flash.c 0x00000000   Number         0  stm32f1xx_hal_flash.o ABSOLUTE
    ../Drivers/STM32F1xx_HAL_Driver/Src/stm32f1xx_hal_flash_ex.c 0x00000000   Number         0  stm32f1xx_hal_flash_ex.o ABSOLUTE
    ../Drivers/STM32F1xx_HAL_Driver/Src/stm32f1xx_hal_gpio.c 0x00000000   Number         0  stm32f1xx_hal_gpio.o ABSOLUTE
    ../Drivers/STM32F1xx_HAL_Driver/Src/stm32f1xx_hal_gpio_ex.c 0x00000000   Number         0  stm32f1xx_hal_gpio_ex.o ABSOLUTE
    ../Drivers/STM32F1xx_HAL_Driver/Src/stm32f1xx_hal_pwr.c 0x00000000   Number         0  stm32f1xx_hal_pwr.o ABSOLUTE
    ../Drivers/STM32F1xx_HAL_Driver/Src/stm32f1xx_hal_rcc.c 0x00000000   Number         0  stm32f1xx_hal_rcc.o ABSOLUTE
    ../Drivers/STM32F1xx_HAL_Driver/Src/stm32f1xx_hal_rcc_ex.c 0x00000000   Number         0  stm32f1xx_hal_rcc_ex.o ABSOLUTE
    ../Drivers/STM32F1xx_HAL_Driver/Src/stm32f1xx_hal_tim.c 0x00000000   Number         0  stm32f1xx_hal_tim.o ABSOLUTE
    ../Drivers/STM32F1xx_HAL_Driver/Src/stm32f1xx_hal_tim_ex.c 0x00000000   Number         0  stm32f1xx_hal_tim_ex.o ABSOLUTE
    ../clib/angel/boardlib.s                 0x00000000   Number         0  boardinit1.o ABSOLUTE
    ../clib/angel/boardlib.s                 0x00000000   Number         0  boardinit2.o ABSOLUTE
    ../clib/angel/boardlib.s                 0x00000000   Number         0  boardinit3.o ABSOLUTE
    ../clib/angel/boardlib.s                 0x00000000   Number         0  boardshut.o ABSOLUTE
    ../clib/angel/handlers.s                 0x00000000   Number         0  __scatter_zi.o ABSOLUTE
    ../clib/angel/handlers.s                 0x00000000   Number         0  __scatter_copy.o ABSOLUTE
    ../clib/angel/kernel.s                   0x00000000   Number         0  __rtentry4.o ABSOLUTE
    ../clib/angel/kernel.s                   0x00000000   Number         0  __rtentry2.o ABSOLUTE
    ../clib/angel/kernel.s                   0x00000000   Number         0  rtexit2.o ABSOLUTE
    ../clib/angel/kernel.s                   0x00000000   Number         0  rtexit.o ABSOLUTE
    ../clib/angel/kernel.s                   0x00000000   Number         0  __rtentry.o ABSOLUTE
    ../clib/angel/rt.s                       0x00000000   Number         0  rt_raise.o ABSOLUTE
    ../clib/angel/scatter.s                  0x00000000   Number         0  __scatter.o ABSOLUTE
    ../clib/angel/startup.s                  0x00000000   Number         0  __main.o ABSOLUTE
    ../clib/angel/sys.s                      0x00000000   Number         0  libspace.o ABSOLUTE
    ../clib/angel/sys.s                      0x00000000   Number         0  sys_stackheap_outer.o ABSOLUTE
    ../clib/angel/sys.s                      0x00000000   Number         0  use_no_semi.o ABSOLUTE
    ../clib/angel/sys.s                      0x00000000   Number         0  indicate_semi.o ABSOLUTE
    ../clib/angel/sysapp.c                   0x00000000   Number         0  sys_wrch.o ABSOLUTE
    ../clib/angel/sysapp.c                   0x00000000   Number         0  sys_command.o ABSOLUTE
    ../clib/angel/sysapp.c                   0x00000000   Number         0  sys_exit.o ABSOLUTE
    ../clib/armsys.c                         0x00000000   Number         0  _get_argv_nomalloc.o ABSOLUTE
    ../clib/armsys.c                         0x00000000   Number         0  no_argv.o ABSOLUTE
    ../clib/armsys.c                         0x00000000   Number         0  argv_veneer.o ABSOLUTE
    ../clib/armsys.c                         0x00000000   Number         0  argv_veneer.o ABSOLUTE
    ../clib/heapalloc.c                      0x00000000   Number         0  hrguard.o ABSOLUTE
    ../clib/heapaux.c                        0x00000000   Number         0  heapauxi.o ABSOLUTE
    ../clib/libinit.s                        0x00000000   Number         0  libinit.o ABSOLUTE
    ../clib/libinit.s                        0x00000000   Number         0  libinit2.o ABSOLUTE
    ../clib/libinit.s                        0x00000000   Number         0  libshutdown.o ABSOLUTE
    ../clib/libinit.s                        0x00000000   Number         0  libshutdown2.o ABSOLUTE
    ../clib/longlong.s                       0x00000000   Number         0  llushr.o ABSOLUTE
    ../clib/memcpset.s                       0x00000000   Number         0  rt_memclr_w.o ABSOLUTE
    ../clib/memcpset.s                       0x00000000   Number         0  rt_memcpy_v6.o ABSOLUTE
    ../clib/memcpset.s                       0x00000000   Number         0  rt_memcpy_w.o ABSOLUTE
    ../clib/memcpset.s                       0x00000000   Number         0  rt_memclr.o ABSOLUTE
    ../clib/signal.c                         0x00000000   Number         0  defsig_rtred_inner.o ABSOLUTE
    ../clib/signal.c                         0x00000000   Number         0  defsig_other.o ABSOLUTE
    ../clib/signal.c                         0x00000000   Number         0  defsig_segv_inner.o ABSOLUTE
    ../clib/signal.c                         0x00000000   Number         0  defsig_rtmem_outer.o ABSOLUTE
    ../clib/signal.c                         0x00000000   Number         0  defsig_cppl_inner.o ABSOLUTE
    ../clib/signal.c                         0x00000000   Number         0  defsig_stak_inner.o ABSOLUTE
    ../clib/signal.c                         0x00000000   Number         0  defsig_fpe_inner.o ABSOLUTE
    ../clib/signal.c                         0x00000000   Number         0  defsig_abrt_inner.o ABSOLUTE
    ../clib/signal.c                         0x00000000   Number         0  __raise.o ABSOLUTE
    ../clib/signal.c                         0x00000000   Number         0  defsig_pvfn_inner.o ABSOLUTE
    ../clib/signal.c                         0x00000000   Number         0  defsig_rtmem_formal.o ABSOLUTE
    ../clib/signal.c                         0x00000000   Number         0  defsig_general.o ABSOLUTE
    ../clib/signal.c                         0x00000000   Number         0  defsig_exit.o ABSOLUTE
    ../clib/signal.c                         0x00000000   Number         0  defsig_rtmem_inner.o ABSOLUTE
    ../clib/signal.s                         0x00000000   Number         0  defsig.o ABSOLUTE
    ../clib/stdlib.c                         0x00000000   Number         0  exit.o ABSOLUTE
    ../fplib/fpinit.s                        0x00000000   Number         0  fpinit.o ABSOLUTE
    ..\Core\Src\FreeRTOS_Demo.c              0x00000000   Number         0  freertos_demo.o ABSOLUTE
    ..\Core\Src\gpio.c                       0x00000000   Number         0  gpio.o ABSOLUTE
    ..\Core\Src\main.c                       0x00000000   Number         0  main.o ABSOLUTE
    ..\Core\Src\stm32f1xx_hal_msp.c          0x00000000   Number         0  stm32f1xx_hal_msp.o ABSOLUTE
    ..\Core\Src\stm32f1xx_hal_timebase_tim.c 0x00000000   Number         0  stm32f1xx_hal_timebase_tim.o ABSOLUTE
    ..\Core\Src\stm32f1xx_it.c               0x00000000   Number         0  stm32f1xx_it.o ABSOLUTE
    ..\Core\Src\system_stm32f1xx.c           0x00000000   Number         0  system_stm32f1xx.o ABSOLUTE
    ..\Drivers\STM32F1xx_HAL_Driver\Src\stm32f1xx_hal.c 0x00000000   Number         0  stm32f1xx_hal.o ABSOLUTE
    ..\Drivers\STM32F1xx_HAL_Driver\Src\stm32f1xx_hal_cortex.c 0x00000000   Number         0  stm32f1xx_hal_cortex.o ABSOLUTE
    ..\Drivers\STM32F1xx_HAL_Driver\Src\stm32f1xx_hal_dma.c 0x00000000   Number         0  stm32f1xx_hal_dma.o ABSOLUTE
    ..\Drivers\STM32F1xx_HAL_Driver\Src\stm32f1xx_hal_exti.c 0x00000000   Number         0  stm32f1xx_hal_exti.o ABSOLUTE
    ..\Drivers\STM32F1xx_HAL_Driver\Src\stm32f1xx_hal_flash.c 0x00000000   Number         0  stm32f1xx_hal_flash.o ABSOLUTE
    ..\Drivers\STM32F1xx_HAL_Driver\Src\stm32f1xx_hal_flash_ex.c 0x00000000   Number         0  stm32f1xx_hal_flash_ex.o ABSOLUTE
    ..\Drivers\STM32F1xx_HAL_Driver\Src\stm32f1xx_hal_gpio.c 0x00000000   Number         0  stm32f1xx_hal_gpio.o ABSOLUTE
    ..\Drivers\STM32F1xx_HAL_Driver\Src\stm32f1xx_hal_gpio_ex.c 0x00000000   Number         0  stm32f1xx_hal_gpio_ex.o ABSOLUTE
    ..\Drivers\STM32F1xx_HAL_Driver\Src\stm32f1xx_hal_pwr.c 0x00000000   Number         0  stm32f1xx_hal_pwr.o ABSOLUTE
    ..\Drivers\STM32F1xx_HAL_Driver\Src\stm32f1xx_hal_rcc.c 0x00000000   Number         0  stm32f1xx_hal_rcc.o ABSOLUTE
    ..\Drivers\STM32F1xx_HAL_Driver\Src\stm32f1xx_hal_rcc_ex.c 0x00000000   Number         0  stm32f1xx_hal_rcc_ex.o ABSOLUTE
    ..\Drivers\STM32F1xx_HAL_Driver\Src\stm32f1xx_hal_tim.c 0x00000000   Number         0  stm32f1xx_hal_tim.o ABSOLUTE
    ..\Drivers\STM32F1xx_HAL_Driver\Src\stm32f1xx_hal_tim_ex.c 0x00000000   Number         0  stm32f1xx_hal_tim_ex.o ABSOLUTE
    ..\Hardware\KEY.c                        0x00000000   Number         0  key.o ABSOLUTE
    ..\Hardware\LED.c                        0x00000000   Number         0  led.o ABSOLUTE
    ..\Middle\FreeRTOS\Portable\ARM_CM3\port.c 0x00000000   Number         0  port.o ABSOLUTE
    ..\Middle\FreeRTOS\Portable\MemMang\heap_4.c 0x00000000   Number         0  heap_4.o ABSOLUTE
    ..\Middle\FreeRTOS\Source\croutine.c     0x00000000   Number         0  croutine.o ABSOLUTE
    ..\Middle\FreeRTOS\Source\event_groups.c 0x00000000   Number         0  event_groups.o ABSOLUTE
    ..\Middle\FreeRTOS\Source\list.c         0x00000000   Number         0  list.o ABSOLUTE
    ..\Middle\FreeRTOS\Source\queue.c        0x00000000   Number         0  queue.o ABSOLUTE
    ..\Middle\FreeRTOS\Source\stream_buffer.c 0x00000000   Number         0  stream_buffer.o ABSOLUTE
    ..\Middle\FreeRTOS\Source\tasks.c        0x00000000   Number         0  tasks.o ABSOLUTE
    ..\Middle\FreeRTOS\Source\timers.c       0x00000000   Number         0  timers.o ABSOLUTE
    ..\\Hardware\\KEY.c                      0x00000000   Number         0  key.o ABSOLUTE
    ..\\Hardware\\LED.c                      0x00000000   Number         0  led.o ABSOLUTE
    ..\\Middle\\FreeRTOS\\Portable\\ARM_CM3\\port.c 0x00000000   Number         0  port.o ABSOLUTE
    dc.s                                     0x00000000   Number         0  dc.o ABSOLUTE
    startup_stm32f103xb.s                    0x00000000   Number         0  startup_stm32f103xb.o ABSOLUTE
    RESET                                    0x08000000   Section      236  startup_stm32f103xb.o(RESET)
    !!!main                                  0x080000ec   Section        8  __main.o(!!!main)
    !!!scatter                               0x080000f4   Section       52  __scatter.o(!!!scatter)
    !!handler_copy                           0x08000128   Section       26  __scatter_copy.o(!!handler_copy)
    !!handler_zi                             0x08000144   Section       28  __scatter_zi.o(!!handler_zi)
    .ARM.Collect$$libinit$$00000000          0x08000160   Section        2  libinit.o(.ARM.Collect$$libinit$$00000000)
    .ARM.Collect$$libinit$$00000002          0x08000162   Section        0  libinit2.o(.ARM.Collect$$libinit$$00000002)
    .ARM.Collect$$libinit$$00000004          0x08000162   Section        0  libinit2.o(.ARM.Collect$$libinit$$00000004)
    .ARM.Collect$$libinit$$0000000A          0x08000162   Section        0  libinit2.o(.ARM.Collect$$libinit$$0000000A)
    .ARM.Collect$$libinit$$0000000C          0x08000162   Section        0  libinit2.o(.ARM.Collect$$libinit$$0000000C)
    .ARM.Collect$$libinit$$0000000E          0x08000162   Section        0  libinit2.o(.ARM.Collect$$libinit$$0000000E)
    .ARM.Collect$$libinit$$00000011          0x08000162   Section        0  libinit2.o(.ARM.Collect$$libinit$$00000011)
    .ARM.Collect$$libinit$$00000013          0x08000162   Section        0  libinit2.o(.ARM.Collect$$libinit$$00000013)
    .ARM.Collect$$libinit$$00000015          0x08000162   Section        0  libinit2.o(.ARM.Collect$$libinit$$00000015)
    .ARM.Collect$$libinit$$00000017          0x08000162   Section        0  libinit2.o(.ARM.Collect$$libinit$$00000017)
    .ARM.Collect$$libinit$$00000019          0x08000162   Section        0  libinit2.o(.ARM.Collect$$libinit$$00000019)
    .ARM.Collect$$libinit$$0000001B          0x08000162   Section        0  libinit2.o(.ARM.Collect$$libinit$$0000001B)
    .ARM.Collect$$libinit$$0000001D          0x08000162   Section        0  libinit2.o(.ARM.Collect$$libinit$$0000001D)
    .ARM.Collect$$libinit$$0000001F          0x08000162   Section        0  libinit2.o(.ARM.Collect$$libinit$$0000001F)
    .ARM.Collect$$libinit$$00000021          0x08000162   Section        0  libinit2.o(.ARM.Collect$$libinit$$00000021)
    .ARM.Collect$$libinit$$00000023          0x08000162   Section        0  libinit2.o(.ARM.Collect$$libinit$$00000023)
    .ARM.Collect$$libinit$$00000025          0x08000162   Section        0  libinit2.o(.ARM.Collect$$libinit$$00000025)
    .ARM.Collect$$libinit$$0000002C          0x08000162   Section        0  libinit2.o(.ARM.Collect$$libinit$$0000002C)
    .ARM.Collect$$libinit$$0000002E          0x08000162   Section        0  libinit2.o(.ARM.Collect$$libinit$$0000002E)
    .ARM.Collect$$libinit$$00000030          0x08000162   Section        0  libinit2.o(.ARM.Collect$$libinit$$00000030)
    .ARM.Collect$$libinit$$00000032          0x08000162   Section        0  libinit2.o(.ARM.Collect$$libinit$$00000032)
    .ARM.Collect$$libinit$$00000033          0x08000162   Section        2  libinit2.o(.ARM.Collect$$libinit$$00000033)
    .ARM.Collect$$libshutdown$$00000000      0x08000164   Section        2  libshutdown.o(.ARM.Collect$$libshutdown$$00000000)
    .ARM.Collect$$libshutdown$$00000002      0x08000166   Section        0  libshutdown2.o(.ARM.Collect$$libshutdown$$00000002)
    .ARM.Collect$$libshutdown$$00000004      0x08000166   Section        0  libshutdown2.o(.ARM.Collect$$libshutdown$$00000004)
    .ARM.Collect$$libshutdown$$00000007      0x08000166   Section        0  libshutdown2.o(.ARM.Collect$$libshutdown$$00000007)
    .ARM.Collect$$libshutdown$$0000000A      0x08000166   Section        0  libshutdown2.o(.ARM.Collect$$libshutdown$$0000000A)
    .ARM.Collect$$libshutdown$$0000000C      0x08000166   Section        0  libshutdown2.o(.ARM.Collect$$libshutdown$$0000000C)
    .ARM.Collect$$libshutdown$$0000000F      0x08000166   Section        0  libshutdown2.o(.ARM.Collect$$libshutdown$$0000000F)
    .ARM.Collect$$libshutdown$$00000010      0x08000166   Section        2  libshutdown2.o(.ARM.Collect$$libshutdown$$00000010)
    .ARM.Collect$$rtentry$$00000000          0x08000168   Section        0  __rtentry.o(.ARM.Collect$$rtentry$$00000000)
    .ARM.Collect$$rtentry$$00000002          0x08000168   Section        0  __rtentry2.o(.ARM.Collect$$rtentry$$00000002)
    .ARM.Collect$$rtentry$$00000004          0x08000168   Section        6  __rtentry4.o(.ARM.Collect$$rtentry$$00000004)
    .ARM.Collect$$rtentry$$00000009          0x0800016e   Section        0  __rtentry2.o(.ARM.Collect$$rtentry$$00000009)
    .ARM.Collect$$rtentry$$0000000A          0x0800016e   Section        4  __rtentry2.o(.ARM.Collect$$rtentry$$0000000A)
    .ARM.Collect$$rtentry$$0000000C          0x08000172   Section        0  __rtentry2.o(.ARM.Collect$$rtentry$$0000000C)
    .ARM.Collect$$rtentry$$0000000D          0x08000172   Section        8  __rtentry2.o(.ARM.Collect$$rtentry$$0000000D)
    .ARM.Collect$$rtexit$$00000000           0x0800017a   Section        2  rtexit.o(.ARM.Collect$$rtexit$$00000000)
    .ARM.Collect$$rtexit$$00000002           0x0800017c   Section        0  rtexit2.o(.ARM.Collect$$rtexit$$00000002)
    .ARM.Collect$$rtexit$$00000003           0x0800017c   Section        4  rtexit2.o(.ARM.Collect$$rtexit$$00000003)
    .ARM.Collect$$rtexit$$00000004           0x08000180   Section        6  rtexit2.o(.ARM.Collect$$rtexit$$00000004)
    .emb_text                                0x08000188   Section      150  port.o(.emb_text)
    .text                                    0x08000220   Section       64  startup_stm32f103xb.o(.text)
    .text                                    0x08000260   Section      138  rt_memcpy_v6.o(.text)
    .text                                    0x080002ea   Section       78  rt_memclr_w.o(.text)
    .text                                    0x08000338   Section        0  heapauxi.o(.text)
    .text                                    0x0800033e   Section      100  rt_memcpy_w.o(.text)
    .text                                    0x080003a2   Section       74  sys_stackheap_outer.o(.text)
    .text                                    0x080003ec   Section        0  exit.o(.text)
    .text                                    0x08000400   Section        8  libspace.o(.text)
    .text                                    0x08000408   Section        0  sys_exit.o(.text)
    .text                                    0x08000414   Section        2  use_no_semi.o(.text)
    .text                                    0x08000416   Section        0  indicate_semi.o(.text)
    i.BusFault_Handler                       0x08000416   Section        0  stm32f1xx_it.o(i.BusFault_Handler)
    i.DebugMon_Handler                       0x0800041a   Section        0  stm32f1xx_it.o(i.DebugMon_Handler)
    i.Error_Handler                          0x0800041c   Section        0  main.o(i.Error_Handler)
    i.FreeRTOS_Start                         0x08000424   Section        0  freertos_demo.o(i.FreeRTOS_Start)
    i.Get_KeyNum                             0x08000464   Section        0  key.o(i.Get_KeyNum)
    i.HAL_Delay                              0x08000498   Section        0  stm32f1xx_hal.o(i.HAL_Delay)
    i.HAL_GPIO_Init                          0x080004c0   Section        0  stm32f1xx_hal_gpio.o(i.HAL_GPIO_Init)
    i.HAL_GPIO_ReadPin                       0x080007e0   Section        0  stm32f1xx_hal_gpio.o(i.HAL_GPIO_ReadPin)
    i.HAL_GPIO_TogglePin                     0x080007f0   Section        0  stm32f1xx_hal_gpio.o(i.HAL_GPIO_TogglePin)
    i.HAL_GPIO_WritePin                      0x08000804   Section        0  stm32f1xx_hal_gpio.o(i.HAL_GPIO_WritePin)
    i.HAL_GetTick                            0x08000810   Section        0  stm32f1xx_hal.o(i.HAL_GetTick)
    i.HAL_IncTick                            0x0800081c   Section        0  stm32f1xx_hal.o(i.HAL_IncTick)
    i.HAL_Init                               0x08000834   Section        0  stm32f1xx_hal.o(i.HAL_Init)
    i.HAL_InitTick                           0x0800085c   Section        0  stm32f1xx_hal_timebase_tim.o(i.HAL_InitTick)
    i.HAL_MspInit                            0x08000910   Section        0  stm32f1xx_hal_msp.o(i.HAL_MspInit)
    i.HAL_NVIC_EnableIRQ                     0x08000970   Section        0  stm32f1xx_hal_cortex.o(i.HAL_NVIC_EnableIRQ)
    i.HAL_NVIC_SetPriority                   0x08000990   Section        0  stm32f1xx_hal_cortex.o(i.HAL_NVIC_SetPriority)
    i.HAL_NVIC_SetPriorityGrouping           0x08000a0c   Section        0  stm32f1xx_hal_cortex.o(i.HAL_NVIC_SetPriorityGrouping)
    i.HAL_RCC_ClockConfig                    0x08000a34   Section        0  stm32f1xx_hal_rcc.o(i.HAL_RCC_ClockConfig)
    i.HAL_RCC_GetClockConfig                 0x08000bc0   Section        0  stm32f1xx_hal_rcc.o(i.HAL_RCC_GetClockConfig)
    i.HAL_RCC_GetHCLKFreq                    0x08000c04   Section        0  stm32f1xx_hal_rcc.o(i.HAL_RCC_GetHCLKFreq)
    i.HAL_RCC_GetPCLK1Freq                   0x08000c10   Section        0  stm32f1xx_hal_rcc.o(i.HAL_RCC_GetPCLK1Freq)
    i.HAL_RCC_GetSysClockFreq                0x08000c30   Section        0  stm32f1xx_hal_rcc.o(i.HAL_RCC_GetSysClockFreq)
    i.HAL_RCC_OscConfig                      0x08000ca0   Section        0  stm32f1xx_hal_rcc.o(i.HAL_RCC_OscConfig)
    i.HAL_TIMEx_BreakCallback                0x08001104   Section        0  stm32f1xx_hal_tim_ex.o(i.HAL_TIMEx_BreakCallback)
    i.HAL_TIMEx_CommutCallback               0x08001106   Section        0  stm32f1xx_hal_tim_ex.o(i.HAL_TIMEx_CommutCallback)
    i.HAL_TIM_Base_Init                      0x08001108   Section        0  stm32f1xx_hal_tim.o(i.HAL_TIM_Base_Init)
    i.HAL_TIM_Base_MspInit                   0x0800116e   Section        0  stm32f1xx_hal_tim.o(i.HAL_TIM_Base_MspInit)
    i.HAL_TIM_Base_Start_IT                  0x08001170   Section        0  stm32f1xx_hal_tim.o(i.HAL_TIM_Base_Start_IT)
    i.HAL_TIM_IC_CaptureCallback             0x080011e8   Section        0  stm32f1xx_hal_tim.o(i.HAL_TIM_IC_CaptureCallback)
    i.HAL_TIM_IRQHandler                     0x080011ea   Section        0  stm32f1xx_hal_tim.o(i.HAL_TIM_IRQHandler)
    i.HAL_TIM_OC_DelayElapsedCallback        0x08001380   Section        0  stm32f1xx_hal_tim.o(i.HAL_TIM_OC_DelayElapsedCallback)
    i.HAL_TIM_PWM_PulseFinishedCallback      0x08001382   Section        0  stm32f1xx_hal_tim.o(i.HAL_TIM_PWM_PulseFinishedCallback)
    i.HAL_TIM_PeriodElapsedCallback          0x08001384   Section        0  main.o(i.HAL_TIM_PeriodElapsedCallback)
    i.HAL_TIM_TriggerCallback                0x0800139c   Section        0  stm32f1xx_hal_tim.o(i.HAL_TIM_TriggerCallback)
    i.HardFault_Handler                      0x0800139e   Section        0  stm32f1xx_it.o(i.HardFault_Handler)
    i.LED1_Triggle                           0x080013a4   Section        0  led.o(i.LED1_Triggle)
    i.LED2_Triggle                           0x080013bc   Section        0  led.o(i.LED2_Triggle)
    i.MX_GPIO_Init                           0x080013d4   Section        0  gpio.o(i.MX_GPIO_Init)
    i.MemManage_Handler                      0x08001478   Section        0  stm32f1xx_it.o(i.MemManage_Handler)
    i.NMI_Handler                            0x0800147c   Section        0  stm32f1xx_it.o(i.NMI_Handler)
    i.RCC_Delay                              0x08001480   Section        0  stm32f1xx_hal_rcc.o(i.RCC_Delay)
    RCC_Delay                                0x08001481   Thumb Code    36  stm32f1xx_hal_rcc.o(i.RCC_Delay)
    i.Start_Task                             0x080014a8   Section        0  freertos_demo.o(i.Start_Task)
    i.SysTick_Handler                        0x08001558   Section        0  stm32f1xx_it.o(i.SysTick_Handler)
    i.SystemClock_Config                     0x08001568   Section        0  main.o(i.SystemClock_Config)
    i.SystemInit                             0x080015ce   Section        0  system_stm32f1xx.o(i.SystemInit)
    i.TIM4_IRQHandler                        0x080015d0   Section        0  stm32f1xx_it.o(i.TIM4_IRQHandler)
    i.TIM_Base_SetConfig                     0x080015e0   Section        0  stm32f1xx_hal_tim.o(i.TIM_Base_SetConfig)
    i.Task1                                  0x08001654   Section        0  freertos_demo.o(i.Task1)
    i.Task2                                  0x0800165c   Section        0  freertos_demo.o(i.Task2)
    i.Task3                                  0x08001664   Section        0  freertos_demo.o(i.Task3)
    i.UsageFault_Handler                     0x08001690   Section        0  stm32f1xx_it.o(i.UsageFault_Handler)
    i.__NVIC_GetPriorityGrouping             0x08001694   Section        0  stm32f1xx_hal_cortex.o(i.__NVIC_GetPriorityGrouping)
    __NVIC_GetPriorityGrouping               0x08001695   Thumb Code    10  stm32f1xx_hal_cortex.o(i.__NVIC_GetPriorityGrouping)
    i.__NVIC_SetPriority                     0x080016a4   Section        0  stm32f1xx_hal_cortex.o(i.__NVIC_SetPriority)
    __NVIC_SetPriority                       0x080016a5   Thumb Code    32  stm32f1xx_hal_cortex.o(i.__NVIC_SetPriority)
    i.main                                   0x080016cc   Section        0  main.o(i.main)
    i.prvAddCurrentTaskToDelayedList         0x080016e0   Section        0  tasks.o(i.prvAddCurrentTaskToDelayedList)
    prvAddCurrentTaskToDelayedList           0x080016e1   Thumb Code   164  tasks.o(i.prvAddCurrentTaskToDelayedList)
    i.prvAddNewTaskToReadyList               0x080017a0   Section        0  tasks.o(i.prvAddNewTaskToReadyList)
    prvAddNewTaskToReadyList                 0x080017a1   Thumb Code   200  tasks.o(i.prvAddNewTaskToReadyList)
    i.prvCheckForValidListAndQueue           0x08001884   Section        0  timers.o(i.prvCheckForValidListAndQueue)
    prvCheckForValidListAndQueue             0x08001885   Thumb Code    62  timers.o(i.prvCheckForValidListAndQueue)
    i.prvCheckTasksWaitingTermination        0x080018e0   Section        0  tasks.o(i.prvCheckTasksWaitingTermination)
    prvCheckTasksWaitingTermination          0x080018e1   Thumb Code    60  tasks.o(i.prvCheckTasksWaitingTermination)
    i.prvCopyDataFromQueue                   0x08001928   Section        0  queue.o(i.prvCopyDataFromQueue)
    prvCopyDataFromQueue                     0x08001929   Thumb Code    42  queue.o(i.prvCopyDataFromQueue)
    i.prvDeleteTCB                           0x08001952   Section        0  tasks.o(i.prvDeleteTCB)
    prvDeleteTCB                             0x08001953   Thumb Code    40  tasks.o(i.prvDeleteTCB)
    i.prvGetNextExpireTime                   0x0800197c   Section        0  timers.o(i.prvGetNextExpireTime)
    prvGetNextExpireTime                     0x0800197d   Thumb Code    36  timers.o(i.prvGetNextExpireTime)
    i.prvIdleTask                            0x080019a4   Section        0  tasks.o(i.prvIdleTask)
    prvIdleTask                              0x080019a5   Thumb Code    32  tasks.o(i.prvIdleTask)
    i.prvInitialiseNewQueue                  0x080019cc   Section        0  queue.o(i.prvInitialiseNewQueue)
    prvInitialiseNewQueue                    0x080019cd   Thumb Code    38  queue.o(i.prvInitialiseNewQueue)
    i.prvInitialiseNewTask                   0x080019f2   Section        0  tasks.o(i.prvInitialiseNewTask)
    prvInitialiseNewTask                     0x080019f3   Thumb Code   122  tasks.o(i.prvInitialiseNewTask)
    i.prvInitialiseTaskLists                 0x08001a6c   Section        0  tasks.o(i.prvInitialiseTaskLists)
    prvInitialiseTaskLists                   0x08001a6d   Thumb Code    70  tasks.o(i.prvInitialiseTaskLists)
    i.prvInsertBlockIntoFreeList             0x08001ad4   Section        0  heap_4.o(i.prvInsertBlockIntoFreeList)
    prvInsertBlockIntoFreeList               0x08001ad5   Thumb Code    96  heap_4.o(i.prvInsertBlockIntoFreeList)
    i.prvInsertTimerInActiveList             0x08001b3c   Section        0  timers.o(i.prvInsertTimerInActiveList)
    prvInsertTimerInActiveList               0x08001b3d   Thumb Code    80  timers.o(i.prvInsertTimerInActiveList)
    i.prvIsQueueEmpty                        0x08001b94   Section        0  queue.o(i.prvIsQueueEmpty)
    prvIsQueueEmpty                          0x08001b95   Thumb Code    26  queue.o(i.prvIsQueueEmpty)
    i.prvProcessExpiredTimer                 0x08001bb0   Section        0  timers.o(i.prvProcessExpiredTimer)
    prvProcessExpiredTimer                   0x08001bb1   Thumb Code    62  timers.o(i.prvProcessExpiredTimer)
    i.prvProcessReceivedCommands             0x08001bf4   Section        0  timers.o(i.prvProcessReceivedCommands)
    prvProcessReceivedCommands               0x08001bf5   Thumb Code   244  timers.o(i.prvProcessReceivedCommands)
    i.prvProcessTimerOrBlockTask             0x08001cec   Section        0  timers.o(i.prvProcessTimerOrBlockTask)
    prvProcessTimerOrBlockTask               0x08001ced   Thumb Code   102  timers.o(i.prvProcessTimerOrBlockTask)
    i.prvReloadTimer                         0x08001d60   Section        0  timers.o(i.prvReloadTimer)
    prvReloadTimer                           0x08001d61   Thumb Code    40  timers.o(i.prvReloadTimer)
    i.prvResetNextTaskUnblockTime            0x08001d88   Section        0  tasks.o(i.prvResetNextTaskUnblockTime)
    prvResetNextTaskUnblockTime              0x08001d89   Thumb Code    40  tasks.o(i.prvResetNextTaskUnblockTime)
    i.prvSampleTimeNow                       0x08001db8   Section        0  timers.o(i.prvSampleTimeNow)
    prvSampleTimeNow                         0x08001db9   Thumb Code    40  timers.o(i.prvSampleTimeNow)
    i.prvSwitchTimerLists                    0x08001de4   Section        0  timers.o(i.prvSwitchTimerLists)
    prvSwitchTimerLists                      0x08001de5   Thumb Code    58  timers.o(i.prvSwitchTimerLists)
    i.prvTaskExitError                       0x08001e28   Section        0  port.o(i.prvTaskExitError)
    prvTaskExitError                         0x08001e29   Thumb Code    22  port.o(i.prvTaskExitError)
    i.prvTimerTask                           0x08001e3e   Section        0  timers.o(i.prvTimerTask)
    prvTimerTask                             0x08001e3f   Thumb Code    26  timers.o(i.prvTimerTask)
    i.prvUnlockQueue                         0x08001e58   Section        0  queue.o(i.prvUnlockQueue)
    prvUnlockQueue                           0x08001e59   Thumb Code   126  queue.o(i.prvUnlockQueue)
    i.pxPortInitialiseStack                  0x08001ed8   Section        0  port.o(i.pxPortInitialiseStack)
    i.uxListRemove                           0x08001efc   Section        0  list.o(i.uxListRemove)
    i.vApplicationGetIdleTaskMemory          0x08001f24   Section        0  freertos_demo.o(i.vApplicationGetIdleTaskMemory)
    i.vApplicationGetTimerTaskMemory         0x08001f3c   Section        0  freertos_demo.o(i.vApplicationGetTimerTaskMemory)
    i.vListInitialise                        0x08001f54   Section        0  list.o(i.vListInitialise)
    i.vListInitialiseItem                    0x08001f6e   Section        0  list.o(i.vListInitialiseItem)
    i.vListInsert                            0x08001f74   Section        0  list.o(i.vListInsert)
    i.vListInsertEnd                         0x08001fa8   Section        0  list.o(i.vListInsertEnd)
    i.vPortEnterCritical                     0x08001fc0   Section        0  port.o(i.vPortEnterCritical)
    i.vPortExitCritical                      0x08001fe4   Section        0  port.o(i.vPortExitCritical)
    i.vPortFree                              0x08002004   Section        0  heap_4.o(i.vPortFree)
    i.vPortSetupTimerInterrupt               0x08002050   Section        0  port.o(i.vPortSetupTimerInterrupt)
    i.vQueueWaitForMessageRestricted         0x08002068   Section        0  queue.o(i.vQueueWaitForMessageRestricted)
    i.vTaskDelay                             0x080020b4   Section        0  tasks.o(i.vTaskDelay)
    i.vTaskDelete                            0x080020e8   Section        0  tasks.o(i.vTaskDelete)
    i.vTaskInternalSetTimeOutState           0x080021bc   Section        0  tasks.o(i.vTaskInternalSetTimeOutState)
    i.vTaskMissedYield                       0x080021d4   Section        0  tasks.o(i.vTaskMissedYield)
    i.vTaskPlaceOnEventList                  0x080021e0   Section        0  tasks.o(i.vTaskPlaceOnEventList)
    i.vTaskPlaceOnEventListRestricted        0x08002200   Section        0  tasks.o(i.vTaskPlaceOnEventListRestricted)
    i.vTaskStartScheduler                    0x0800224c   Section        0  tasks.o(i.vTaskStartScheduler)
    i.vTaskSuspendAll                        0x080022e8   Section        0  tasks.o(i.vTaskSuspendAll)
    i.vTaskSwitchContext                     0x080022f8   Section        0  tasks.o(i.vTaskSwitchContext)
    i.xPortStartScheduler                    0x08002358   Section        0  port.o(i.xPortStartScheduler)
    i.xPortSysTickHandler                    0x0800238c   Section        0  port.o(i.xPortSysTickHandler)
    i.xQueueGenericCreateStatic              0x080023c0   Section        0  queue.o(i.xQueueGenericCreateStatic)
    i.xQueueGenericReset                     0x08002400   Section        0  queue.o(i.xQueueGenericReset)
    i.xQueueReceive                          0x080024a0   Section        0  queue.o(i.xQueueReceive)
    i.xTaskCheckForTimeOut                   0x080025a4   Section        0  tasks.o(i.xTaskCheckForTimeOut)
    i.xTaskCreateStatic                      0x08002604   Section        0  tasks.o(i.xTaskCreateStatic)
    i.xTaskGetSchedulerState                 0x0800265c   Section        0  tasks.o(i.xTaskGetSchedulerState)
    i.xTaskGetTickCount                      0x0800267c   Section        0  tasks.o(i.xTaskGetTickCount)
    i.xTaskIncrementTick                     0x08002688   Section        0  tasks.o(i.xTaskIncrementTick)
    i.xTaskRemoveFromEventList               0x08002818   Section        0  tasks.o(i.xTaskRemoveFromEventList)
    i.xTaskResumeAll                         0x08002920   Section        0  tasks.o(i.xTaskResumeAll)
    i.xTimerCreateTimerTask                  0x08002a7c   Section        0  timers.o(i.xTimerCreateTimerTask)
    .constdata                               0x08002adc   Section       18  stm32f1xx_hal_rcc.o(.constdata)
    aPLLMULFactorTable                       0x08002adc   Data          16  stm32f1xx_hal_rcc.o(.constdata)
    aPredivFactorTable                       0x08002aec   Data           2  stm32f1xx_hal_rcc.o(.constdata)
    .constdata                               0x08002aee   Section       24  system_stm32f1xx.o(.constdata)
    .data                                    0x20000000   Section       16  freertos_demo.o(.data)
    .data                                    0x20000010   Section        9  stm32f1xx_hal.o(.data)
    .data                                    0x2000001c   Section        4  system_stm32f1xx.o(.data)
    .data                                    0x20000020   Section       64  tasks.o(.data)
    pxDelayedTaskList                        0x20000024   Data           4  tasks.o(.data)
    pxOverflowDelayedTaskList                0x20000028   Data           4  tasks.o(.data)
    uxDeletedTasksWaitingCleanUp             0x2000002c   Data           4  tasks.o(.data)
    uxCurrentNumberOfTasks                   0x20000030   Data           4  tasks.o(.data)
    xTickCount                               0x20000034   Data           4  tasks.o(.data)
    uxTopReadyPriority                       0x20000038   Data           4  tasks.o(.data)
    xSchedulerRunning                        0x2000003c   Data           4  tasks.o(.data)
    xPendedTicks                             0x20000040   Data           4  tasks.o(.data)
    xYieldPending                            0x20000044   Data           4  tasks.o(.data)
    xNumOfOverflows                          0x20000048   Data           4  tasks.o(.data)
    uxTaskNumber                             0x2000004c   Data           4  tasks.o(.data)
    xNextTaskUnblockTime                     0x20000050   Data           4  tasks.o(.data)
    xIdleTaskHandle                          0x20000054   Data           4  tasks.o(.data)
    uxSchedulerSuspended                     0x2000005c   Data           4  tasks.o(.data)
    .data                                    0x20000060   Section       20  timers.o(.data)
    pxCurrentTimerList                       0x20000060   Data           4  timers.o(.data)
    pxOverflowTimerList                      0x20000064   Data           4  timers.o(.data)
    xTimerQueue                              0x20000068   Data           4  timers.o(.data)
    xTimerTaskHandle                         0x2000006c   Data           4  timers.o(.data)
    xLastTime                                0x20000070   Data           4  timers.o(.data)
    .data                                    0x20000074   Section        4  port.o(.data)
    uxCriticalNesting                        0x20000074   Data           4  port.o(.data)
    .data                                    0x20000078   Section       28  heap_4.o(.data)
    xStart                                   0x20000078   Data           8  heap_4.o(.data)
    pxEnd                                    0x20000080   Data           4  heap_4.o(.data)
    xFreeBytesRemaining                      0x20000084   Data           4  heap_4.o(.data)
    xMinimumEverFreeBytesRemaining           0x20000088   Data           4  heap_4.o(.data)
    xNumberOfSuccessfulAllocations           0x2000008c   Data           4  heap_4.o(.data)
    xNumberOfSuccessfulFrees                 0x20000090   Data           4  heap_4.o(.data)
    .bss                                     0x20000094   Section     4040  freertos_demo.o(.bss)
    .bss                                     0x2000105c   Section       72  stm32f1xx_hal_timebase_tim.o(.bss)
    .bss                                     0x200010a4   Section      200  tasks.o(.bss)
    pxReadyTasksLists                        0x200010a4   Data         100  tasks.o(.bss)
    xDelayedTaskList1                        0x20001108   Data          20  tasks.o(.bss)
    xDelayedTaskList2                        0x2000111c   Data          20  tasks.o(.bss)
    xPendingReadyList                        0x20001130   Data          20  tasks.o(.bss)
    xTasksWaitingTermination                 0x20001144   Data          20  tasks.o(.bss)
    xSuspendedTaskList                       0x20001158   Data          20  tasks.o(.bss)
    .bss                                     0x2000116c   Section      172  timers.o(.bss)
    xActiveTimerList1                        0x2000116c   Data          20  timers.o(.bss)
    xActiveTimerList2                        0x20001180   Data          20  timers.o(.bss)
    xStaticTimerQueue                        0x20001194   Data          72  timers.o(.bss)
    ucStaticTimerQueueStorage                0x200011dc   Data          60  timers.o(.bss)
    .bss                                     0x20001218   Section       96  libspace.o(.bss)
    HEAP                                     0x20001278   Section      512  startup_stm32f103xb.o(HEAP)
    Heap_Mem                                 0x20001278   Data         512  startup_stm32f103xb.o(HEAP)
    STACK                                    0x20001478   Section     1024  startup_stm32f103xb.o(STACK)
    Stack_Mem                                0x20001478   Data        1024  startup_stm32f103xb.o(STACK)
    __initial_sp                             0x20001878   Data           0  startup_stm32f103xb.o(STACK)

    Global Symbols

    Symbol Name                              Value     Ov Type        Size  Object(Section)

    BuildAttributes$$THM_ISAv4$P$D$K$B$S$PE$A:L22UL41UL21$X:L11$S22US41US21$IEEE1$IW$USESV6$~STKCKD$USESV7$~SHL$OSPACE$ROPI$EBA8$UX$STANDARDLIB$REQ8$PRES8$EABIv2 0x00000000   Number         0  anon$$obj.o ABSOLUTE
    __ARM_use_no_argv                        0x00000000   Number         0  main.o ABSOLUTE
    __ARM_exceptions_init                     - Undefined Weak Reference
    __alloca_initialize                       - Undefined Weak Reference
    __arm_preinit_                            - Undefined Weak Reference
    __cpp_initialize__aeabi_                  - Undefined Weak Reference
    __cxa_finalize                            - Undefined Weak Reference
    __rt_locale                               - Undefined Weak Reference
    __sigvec_lookup                           - Undefined Weak Reference
    _atexit_init                              - Undefined Weak Reference
    _call_atexit_fns                          - Undefined Weak Reference
    _clock_init                               - Undefined Weak Reference
    _fp_trap_init                             - Undefined Weak Reference
    _fp_trap_shutdown                         - Undefined Weak Reference
    _get_lc_collate                           - Undefined Weak Reference
    _get_lc_ctype                             - Undefined Weak Reference
    _get_lc_monetary                          - Undefined Weak Reference
    _get_lc_numeric                           - Undefined Weak Reference
    _get_lc_time                              - Undefined Weak Reference
    _getenv_init                              - Undefined Weak Reference
    _handle_redirection                       - Undefined Weak Reference
    _init_alloc                               - Undefined Weak Reference
    _init_user_alloc                          - Undefined Weak Reference
    _initio                                   - Undefined Weak Reference
    _rand_init                                - Undefined Weak Reference
    _signal_finish                            - Undefined Weak Reference
    _signal_init                              - Undefined Weak Reference
    _terminate_alloc                          - Undefined Weak Reference
    _terminate_user_alloc                     - Undefined Weak Reference
    _terminateio                              - Undefined Weak Reference
    __Vectors_Size                           0x000000ec   Number         0  startup_stm32f103xb.o ABSOLUTE
    __Vectors                                0x08000000   Data           4  startup_stm32f103xb.o(RESET)
    __Vectors_End                            0x080000ec   Data           0  startup_stm32f103xb.o(RESET)
    __main                                   0x080000ed   Thumb Code     8  __main.o(!!!main)
    __scatterload                            0x080000f5   Thumb Code     0  __scatter.o(!!!scatter)
    __scatterload_rt2                        0x080000f5   Thumb Code    44  __scatter.o(!!!scatter)
    __scatterload_rt2_thumb_only             0x080000f5   Thumb Code     0  __scatter.o(!!!scatter)
    __scatterload_null                       0x08000103   Thumb Code     0  __scatter.o(!!!scatter)
    __scatterload_copy                       0x08000129   Thumb Code    26  __scatter_copy.o(!!handler_copy)
    __scatterload_zeroinit                   0x08000145   Thumb Code    28  __scatter_zi.o(!!handler_zi)
    __rt_lib_init                            0x08000161   Thumb Code     0  libinit.o(.ARM.Collect$$libinit$$00000000)
    __rt_lib_init_alloca_1                   0x08000163   Thumb Code     0  libinit2.o(.ARM.Collect$$libinit$$0000002E)
    __rt_lib_init_argv_1                     0x08000163   Thumb Code     0  libinit2.o(.ARM.Collect$$libinit$$0000002C)
    __rt_lib_init_atexit_1                   0x08000163   Thumb Code     0  libinit2.o(.ARM.Collect$$libinit$$0000001B)
    __rt_lib_init_clock_1                    0x08000163   Thumb Code     0  libinit2.o(.ARM.Collect$$libinit$$00000021)
    __rt_lib_init_cpp_1                      0x08000163   Thumb Code     0  libinit2.o(.ARM.Collect$$libinit$$00000032)
    __rt_lib_init_exceptions_1               0x08000163   Thumb Code     0  libinit2.o(.ARM.Collect$$libinit$$00000030)
    __rt_lib_init_fp_1                       0x08000163   Thumb Code     0  libinit2.o(.ARM.Collect$$libinit$$00000002)
    __rt_lib_init_fp_trap_1                  0x08000163   Thumb Code     0  libinit2.o(.ARM.Collect$$libinit$$0000001F)
    __rt_lib_init_getenv_1                   0x08000163   Thumb Code     0  libinit2.o(.ARM.Collect$$libinit$$00000023)
    __rt_lib_init_heap_1                     0x08000163   Thumb Code     0  libinit2.o(.ARM.Collect$$libinit$$0000000A)
    __rt_lib_init_lc_collate_1               0x08000163   Thumb Code     0  libinit2.o(.ARM.Collect$$libinit$$00000011)
    __rt_lib_init_lc_ctype_1                 0x08000163   Thumb Code     0  libinit2.o(.ARM.Collect$$libinit$$00000013)
    __rt_lib_init_lc_monetary_1              0x08000163   Thumb Code     0  libinit2.o(.ARM.Collect$$libinit$$00000015)
    __rt_lib_init_lc_numeric_1               0x08000163   Thumb Code     0  libinit2.o(.ARM.Collect$$libinit$$00000017)
    __rt_lib_init_lc_time_1                  0x08000163   Thumb Code     0  libinit2.o(.ARM.Collect$$libinit$$00000019)
    __rt_lib_init_preinit_1                  0x08000163   Thumb Code     0  libinit2.o(.ARM.Collect$$libinit$$00000004)
    __rt_lib_init_rand_1                     0x08000163   Thumb Code     0  libinit2.o(.ARM.Collect$$libinit$$0000000E)
    __rt_lib_init_return                     0x08000163   Thumb Code     0  libinit2.o(.ARM.Collect$$libinit$$00000033)
    __rt_lib_init_signal_1                   0x08000163   Thumb Code     0  libinit2.o(.ARM.Collect$$libinit$$0000001D)
    __rt_lib_init_stdio_1                    0x08000163   Thumb Code     0  libinit2.o(.ARM.Collect$$libinit$$00000025)
    __rt_lib_init_user_alloc_1               0x08000163   Thumb Code     0  libinit2.o(.ARM.Collect$$libinit$$0000000C)
    __rt_lib_shutdown                        0x08000165   Thumb Code     0  libshutdown.o(.ARM.Collect$$libshutdown$$00000000)
    __rt_lib_shutdown_cpp_1                  0x08000167   Thumb Code     0  libshutdown2.o(.ARM.Collect$$libshutdown$$00000002)
    __rt_lib_shutdown_fp_trap_1              0x08000167   Thumb Code     0  libshutdown2.o(.ARM.Collect$$libshutdown$$00000007)
    __rt_lib_shutdown_heap_1                 0x08000167   Thumb Code     0  libshutdown2.o(.ARM.Collect$$libshutdown$$0000000F)
    __rt_lib_shutdown_return                 0x08000167   Thumb Code     0  libshutdown2.o(.ARM.Collect$$libshutdown$$00000010)
    __rt_lib_shutdown_signal_1               0x08000167   Thumb Code     0  libshutdown2.o(.ARM.Collect$$libshutdown$$0000000A)
    __rt_lib_shutdown_stdio_1                0x08000167   Thumb Code     0  libshutdown2.o(.ARM.Collect$$libshutdown$$00000004)
    __rt_lib_shutdown_user_alloc_1           0x08000167   Thumb Code     0  libshutdown2.o(.ARM.Collect$$libshutdown$$0000000C)
    __rt_entry                               0x08000169   Thumb Code     0  __rtentry.o(.ARM.Collect$$rtentry$$00000000)
    __rt_entry_presh_1                       0x08000169   Thumb Code     0  __rtentry2.o(.ARM.Collect$$rtentry$$00000002)
    __rt_entry_sh                            0x08000169   Thumb Code     0  __rtentry4.o(.ARM.Collect$$rtentry$$00000004)
    __rt_entry_li                            0x0800016f   Thumb Code     0  __rtentry2.o(.ARM.Collect$$rtentry$$0000000A)
    __rt_entry_postsh_1                      0x0800016f   Thumb Code     0  __rtentry2.o(.ARM.Collect$$rtentry$$00000009)
    __rt_entry_main                          0x08000173   Thumb Code     0  __rtentry2.o(.ARM.Collect$$rtentry$$0000000D)
    __rt_entry_postli_1                      0x08000173   Thumb Code     0  __rtentry2.o(.ARM.Collect$$rtentry$$0000000C)
    __rt_exit                                0x0800017b   Thumb Code     0  rtexit.o(.ARM.Collect$$rtexit$$00000000)
    __rt_exit_ls                             0x0800017d   Thumb Code     0  rtexit2.o(.ARM.Collect$$rtexit$$00000003)
    __rt_exit_prels_1                        0x0800017d   Thumb Code     0  rtexit2.o(.ARM.Collect$$rtexit$$00000002)
    __rt_exit_exit                           0x08000181   Thumb Code     0  rtexit2.o(.ARM.Collect$$rtexit$$00000004)
    SVC_Handler                              0x08000189   Thumb Code    32  port.o(.emb_text)
    __asm___6_port_c_39a90d8d__prvStartFirstTask 0x080001ad   Thumb Code    28  port.o(.emb_text)
    PendSV_Handler                           0x080001cd   Thumb Code    72  port.o(.emb_text)
    vPortGetIPSR                             0x08000219   Thumb Code     6  port.o(.emb_text)
    Reset_Handler                            0x08000221   Thumb Code     8  startup_stm32f103xb.o(.text)
    ADC1_2_IRQHandler                        0x0800023b   Thumb Code     0  startup_stm32f103xb.o(.text)
    CAN1_RX1_IRQHandler                      0x0800023b   Thumb Code     0  startup_stm32f103xb.o(.text)
    CAN1_SCE_IRQHandler                      0x0800023b   Thumb Code     0  startup_stm32f103xb.o(.text)
    DMA1_Channel1_IRQHandler                 0x0800023b   Thumb Code     0  startup_stm32f103xb.o(.text)
    DMA1_Channel2_IRQHandler                 0x0800023b   Thumb Code     0  startup_stm32f103xb.o(.text)
    DMA1_Channel3_IRQHandler                 0x0800023b   Thumb Code     0  startup_stm32f103xb.o(.text)
    DMA1_Channel4_IRQHandler                 0x0800023b   Thumb Code     0  startup_stm32f103xb.o(.text)
    DMA1_Channel5_IRQHandler                 0x0800023b   Thumb Code     0  startup_stm32f103xb.o(.text)
    DMA1_Channel6_IRQHandler                 0x0800023b   Thumb Code     0  startup_stm32f103xb.o(.text)
    DMA1_Channel7_IRQHandler                 0x0800023b   Thumb Code     0  startup_stm32f103xb.o(.text)
    EXTI0_IRQHandler                         0x0800023b   Thumb Code     0  startup_stm32f103xb.o(.text)
    EXTI15_10_IRQHandler                     0x0800023b   Thumb Code     0  startup_stm32f103xb.o(.text)
    EXTI1_IRQHandler                         0x0800023b   Thumb Code     0  startup_stm32f103xb.o(.text)
    EXTI2_IRQHandler                         0x0800023b   Thumb Code     0  startup_stm32f103xb.o(.text)
    EXTI3_IRQHandler                         0x0800023b   Thumb Code     0  startup_stm32f103xb.o(.text)
    EXTI4_IRQHandler                         0x0800023b   Thumb Code     0  startup_stm32f103xb.o(.text)
    EXTI9_5_IRQHandler                       0x0800023b   Thumb Code     0  startup_stm32f103xb.o(.text)
    FLASH_IRQHandler                         0x0800023b   Thumb Code     0  startup_stm32f103xb.o(.text)
    I2C1_ER_IRQHandler                       0x0800023b   Thumb Code     0  startup_stm32f103xb.o(.text)
    I2C1_EV_IRQHandler                       0x0800023b   Thumb Code     0  startup_stm32f103xb.o(.text)
    I2C2_ER_IRQHandler                       0x0800023b   Thumb Code     0  startup_stm32f103xb.o(.text)
    I2C2_EV_IRQHandler                       0x0800023b   Thumb Code     0  startup_stm32f103xb.o(.text)
    PVD_IRQHandler                           0x0800023b   Thumb Code     0  startup_stm32f103xb.o(.text)
    RCC_IRQHandler                           0x0800023b   Thumb Code     0  startup_stm32f103xb.o(.text)
    RTC_Alarm_IRQHandler                     0x0800023b   Thumb Code     0  startup_stm32f103xb.o(.text)
    RTC_IRQHandler                           0x0800023b   Thumb Code     0  startup_stm32f103xb.o(.text)
    SPI1_IRQHandler                          0x0800023b   Thumb Code     0  startup_stm32f103xb.o(.text)
    SPI2_IRQHandler                          0x0800023b   Thumb Code     0  startup_stm32f103xb.o(.text)
    TAMPER_IRQHandler                        0x0800023b   Thumb Code     0  startup_stm32f103xb.o(.text)
    TIM1_BRK_IRQHandler                      0x0800023b   Thumb Code     0  startup_stm32f103xb.o(.text)
    TIM1_CC_IRQHandler                       0x0800023b   Thumb Code     0  startup_stm32f103xb.o(.text)
    TIM1_TRG_COM_IRQHandler                  0x0800023b   Thumb Code     0  startup_stm32f103xb.o(.text)
    TIM1_UP_IRQHandler                       0x0800023b   Thumb Code     0  startup_stm32f103xb.o(.text)
    TIM2_IRQHandler                          0x0800023b   Thumb Code     0  startup_stm32f103xb.o(.text)
    TIM3_IRQHandler                          0x0800023b   Thumb Code     0  startup_stm32f103xb.o(.text)
    USART1_IRQHandler                        0x0800023b   Thumb Code     0  startup_stm32f103xb.o(.text)
    USART2_IRQHandler                        0x0800023b   Thumb Code     0  startup_stm32f103xb.o(.text)
    USART3_IRQHandler                        0x0800023b   Thumb Code     0  startup_stm32f103xb.o(.text)
    USBWakeUp_IRQHandler                     0x0800023b   Thumb Code     0  startup_stm32f103xb.o(.text)
    USB_HP_CAN1_TX_IRQHandler                0x0800023b   Thumb Code     0  startup_stm32f103xb.o(.text)
    USB_LP_CAN1_RX0_IRQHandler               0x0800023b   Thumb Code     0  startup_stm32f103xb.o(.text)
    WWDG_IRQHandler                          0x0800023b   Thumb Code     0  startup_stm32f103xb.o(.text)
    __user_initial_stackheap                 0x0800023d   Thumb Code     0  startup_stm32f103xb.o(.text)
    __aeabi_memcpy                           0x08000261   Thumb Code     0  rt_memcpy_v6.o(.text)
    __rt_memcpy                              0x08000261   Thumb Code   138  rt_memcpy_v6.o(.text)
    _memcpy_lastbytes                        0x080002c7   Thumb Code     0  rt_memcpy_v6.o(.text)
    __aeabi_memclr4                          0x080002eb   Thumb Code     0  rt_memclr_w.o(.text)
    __aeabi_memclr8                          0x080002eb   Thumb Code     0  rt_memclr_w.o(.text)
    __rt_memclr_w                            0x080002eb   Thumb Code    78  rt_memclr_w.o(.text)
    _memset_w                                0x080002ef   Thumb Code     0  rt_memclr_w.o(.text)
    __use_two_region_memory                  0x08000339   Thumb Code     2  heapauxi.o(.text)
    __rt_heap_escrow$2region                 0x0800033b   Thumb Code     2  heapauxi.o(.text)
    __rt_heap_expand$2region                 0x0800033d   Thumb Code     2  heapauxi.o(.text)
    __aeabi_memcpy4                          0x0800033f   Thumb Code     0  rt_memcpy_w.o(.text)
    __aeabi_memcpy8                          0x0800033f   Thumb Code     0  rt_memcpy_w.o(.text)
    __rt_memcpy_w                            0x0800033f   Thumb Code   100  rt_memcpy_w.o(.text)
    _memcpy_lastbytes_aligned                0x08000387   Thumb Code     0  rt_memcpy_w.o(.text)
    __user_setup_stackheap                   0x080003a3   Thumb Code    74  sys_stackheap_outer.o(.text)
    exit                                     0x080003ed   Thumb Code    18  exit.o(.text)
    __user_libspace                          0x08000401   Thumb Code     8  libspace.o(.text)
    __user_perproc_libspace                  0x08000401   Thumb Code     0  libspace.o(.text)
    __user_perthread_libspace                0x08000401   Thumb Code     0  libspace.o(.text)
    _sys_exit                                0x08000409   Thumb Code     8  sys_exit.o(.text)
    __I$use$semihosting                      0x08000415   Thumb Code     0  use_no_semi.o(.text)
    __use_no_semihosting_swi                 0x08000415   Thumb Code     2  use_no_semi.o(.text)
    BusFault_Handler                         0x08000417   Thumb Code     4  stm32f1xx_it.o(i.BusFault_Handler)
    __semihosting_library_function           0x08000417   Thumb Code     0  indicate_semi.o(.text)
    DebugMon_Handler                         0x0800041b   Thumb Code     2  stm32f1xx_it.o(i.DebugMon_Handler)
    Error_Handler                            0x0800041d   Thumb Code     6  main.o(i.Error_Handler)
    FreeRTOS_Start                           0x08000425   Thumb Code    36  freertos_demo.o(i.FreeRTOS_Start)
    Get_KeyNum                               0x08000465   Thumb Code    46  key.o(i.Get_KeyNum)
    HAL_Delay                                0x08000499   Thumb Code    36  stm32f1xx_hal.o(i.HAL_Delay)
    HAL_GPIO_Init                            0x080004c1   Thumb Code   766  stm32f1xx_hal_gpio.o(i.HAL_GPIO_Init)
    HAL_GPIO_ReadPin                         0x080007e1   Thumb Code    16  stm32f1xx_hal_gpio.o(i.HAL_GPIO_ReadPin)
    HAL_GPIO_TogglePin                       0x080007f1   Thumb Code    20  stm32f1xx_hal_gpio.o(i.HAL_GPIO_TogglePin)
    HAL_GPIO_WritePin                        0x08000805   Thumb Code    12  stm32f1xx_hal_gpio.o(i.HAL_GPIO_WritePin)
    HAL_GetTick                              0x08000811   Thumb Code     6  stm32f1xx_hal.o(i.HAL_GetTick)
    HAL_IncTick                              0x0800081d   Thumb Code    16  stm32f1xx_hal.o(i.HAL_IncTick)
    HAL_Init                                 0x08000835   Thumb Code    34  stm32f1xx_hal.o(i.HAL_Init)
    HAL_InitTick                             0x0800085d   Thumb Code   158  stm32f1xx_hal_timebase_tim.o(i.HAL_InitTick)
    HAL_MspInit                              0x08000911   Thumb Code    86  stm32f1xx_hal_msp.o(i.HAL_MspInit)
    HAL_NVIC_EnableIRQ                       0x08000971   Thumb Code    32  stm32f1xx_hal_cortex.o(i.HAL_NVIC_EnableIRQ)
    HAL_NVIC_SetPriority                     0x08000991   Thumb Code   124  stm32f1xx_hal_cortex.o(i.HAL_NVIC_SetPriority)
    HAL_NVIC_SetPriorityGrouping             0x08000a0d   Thumb Code    32  stm32f1xx_hal_cortex.o(i.HAL_NVIC_SetPriorityGrouping)
    HAL_RCC_ClockConfig                      0x08000a35   Thumb Code   376  stm32f1xx_hal_rcc.o(i.HAL_RCC_ClockConfig)
    HAL_RCC_GetClockConfig                   0x08000bc1   Thumb Code    58  stm32f1xx_hal_rcc.o(i.HAL_RCC_GetClockConfig)
    HAL_RCC_GetHCLKFreq                      0x08000c05   Thumb Code     6  stm32f1xx_hal_rcc.o(i.HAL_RCC_GetHCLKFreq)
    HAL_RCC_GetPCLK1Freq                     0x08000c11   Thumb Code    22  stm32f1xx_hal_rcc.o(i.HAL_RCC_GetPCLK1Freq)
    HAL_RCC_GetSysClockFreq                  0x08000c31   Thumb Code    92  stm32f1xx_hal_rcc.o(i.HAL_RCC_GetSysClockFreq)
    HAL_RCC_OscConfig                        0x08000ca1   Thumb Code  1114  stm32f1xx_hal_rcc.o(i.HAL_RCC_OscConfig)
    HAL_TIMEx_BreakCallback                  0x08001105   Thumb Code     2  stm32f1xx_hal_tim_ex.o(i.HAL_TIMEx_BreakCallback)
    HAL_TIMEx_CommutCallback                 0x08001107   Thumb Code     2  stm32f1xx_hal_tim_ex.o(i.HAL_TIMEx_CommutCallback)
    HAL_TIM_Base_Init                        0x08001109   Thumb Code   102  stm32f1xx_hal_tim.o(i.HAL_TIM_Base_Init)
    HAL_TIM_Base_MspInit                     0x0800116f   Thumb Code     2  stm32f1xx_hal_tim.o(i.HAL_TIM_Base_MspInit)
    HAL_TIM_Base_Start_IT                    0x08001171   Thumb Code   106  stm32f1xx_hal_tim.o(i.HAL_TIM_Base_Start_IT)
    HAL_TIM_IC_CaptureCallback               0x080011e9   Thumb Code     2  stm32f1xx_hal_tim.o(i.HAL_TIM_IC_CaptureCallback)
    HAL_TIM_IRQHandler                       0x080011eb   Thumb Code   406  stm32f1xx_hal_tim.o(i.HAL_TIM_IRQHandler)
    HAL_TIM_OC_DelayElapsedCallback          0x08001381   Thumb Code     2  stm32f1xx_hal_tim.o(i.HAL_TIM_OC_DelayElapsedCallback)
    HAL_TIM_PWM_PulseFinishedCallback        0x08001383   Thumb Code     2  stm32f1xx_hal_tim.o(i.HAL_TIM_PWM_PulseFinishedCallback)
    HAL_TIM_PeriodElapsedCallback            0x08001385   Thumb Code    18  main.o(i.HAL_TIM_PeriodElapsedCallback)
    HAL_TIM_TriggerCallback                  0x0800139d   Thumb Code     2  stm32f1xx_hal_tim.o(i.HAL_TIM_TriggerCallback)
    HardFault_Handler                        0x0800139f   Thumb Code     4  stm32f1xx_it.o(i.HardFault_Handler)
    LED1_Triggle                             0x080013a5   Thumb Code    20  led.o(i.LED1_Triggle)
    LED2_Triggle                             0x080013bd   Thumb Code    20  led.o(i.LED2_Triggle)
    MX_GPIO_Init                             0x080013d5   Thumb Code   152  gpio.o(i.MX_GPIO_Init)
    MemManage_Handler                        0x08001479   Thumb Code     4  stm32f1xx_it.o(i.MemManage_Handler)
    NMI_Handler                              0x0800147d   Thumb Code     4  stm32f1xx_it.o(i.NMI_Handler)
    Start_Task                               0x080014a9   Thumb Code   102  freertos_demo.o(i.Start_Task)
    SysTick_Handler                          0x08001559   Thumb Code    16  stm32f1xx_it.o(i.SysTick_Handler)
    SystemClock_Config                       0x08001569   Thumb Code   102  main.o(i.SystemClock_Config)
    SystemInit                               0x080015cf   Thumb Code     2  system_stm32f1xx.o(i.SystemInit)
    TIM4_IRQHandler                          0x080015d1   Thumb Code    10  stm32f1xx_it.o(i.TIM4_IRQHandler)
    TIM_Base_SetConfig                       0x080015e1   Thumb Code   104  stm32f1xx_hal_tim.o(i.TIM_Base_SetConfig)
    Task1                                    0x08001655   Thumb Code     8  freertos_demo.o(i.Task1)
    Task2                                    0x0800165d   Thumb Code     8  freertos_demo.o(i.Task2)
    Task3                                    0x08001665   Thumb Code    40  freertos_demo.o(i.Task3)
    UsageFault_Handler                       0x08001691   Thumb Code     4  stm32f1xx_it.o(i.UsageFault_Handler)
    main                                     0x080016cd   Thumb Code    20  main.o(i.main)
    pxPortInitialiseStack                    0x08001ed9   Thumb Code    30  port.o(i.pxPortInitialiseStack)
    uxListRemove                             0x08001efd   Thumb Code    40  list.o(i.uxListRemove)
    vApplicationGetIdleTaskMemory            0x08001f25   Thumb Code    14  freertos_demo.o(i.vApplicationGetIdleTaskMemory)
    vApplicationGetTimerTaskMemory           0x08001f3d   Thumb Code    16  freertos_demo.o(i.vApplicationGetTimerTaskMemory)
    vListInitialise                          0x08001f55   Thumb Code    26  list.o(i.vListInitialise)
    vListInitialiseItem                      0x08001f6f   Thumb Code     6  list.o(i.vListInitialiseItem)
    vListInsert                              0x08001f75   Thumb Code    52  list.o(i.vListInsert)
    vListInsertEnd                           0x08001fa9   Thumb Code    24  list.o(i.vListInsertEnd)
    vPortEnterCritical                       0x08001fc1   Thumb Code    30  port.o(i.vPortEnterCritical)
    vPortExitCritical                        0x08001fe5   Thumb Code    28  port.o(i.vPortExitCritical)
    vPortFree                                0x08002005   Thumb Code    68  heap_4.o(i.vPortFree)
    vPortSetupTimerInterrupt                 0x08002051   Thumb Code    20  port.o(i.vPortSetupTimerInterrupt)
    vQueueWaitForMessageRestricted           0x08002069   Thumb Code    74  queue.o(i.vQueueWaitForMessageRestricted)
    vTaskDelay                               0x080020b5   Thumb Code    46  tasks.o(i.vTaskDelay)
    vTaskDelete                              0x080020e9   Thumb Code   174  tasks.o(i.vTaskDelete)
    vTaskInternalSetTimeOutState             0x080021bd   Thumb Code    14  tasks.o(i.vTaskInternalSetTimeOutState)
    vTaskMissedYield                         0x080021d5   Thumb Code     8  tasks.o(i.vTaskMissedYield)
    vTaskPlaceOnEventList                    0x080021e1   Thumb Code    28  tasks.o(i.vTaskPlaceOnEventList)
    vTaskPlaceOnEventListRestricted          0x08002201   Thumb Code    70  tasks.o(i.vTaskPlaceOnEventListRestricted)
    vTaskStartScheduler                      0x0800224d   Thumb Code   124  tasks.o(i.vTaskStartScheduler)
    vTaskSuspendAll                          0x080022e9   Thumb Code    12  tasks.o(i.vTaskSuspendAll)
    vTaskSwitchContext                       0x080022f9   Thumb Code    76  tasks.o(i.vTaskSwitchContext)
    xPortStartScheduler                      0x08002359   Thumb Code    42  port.o(i.xPortStartScheduler)
    xPortSysTickHandler                      0x0800238d   Thumb Code    46  port.o(i.xPortSysTickHandler)
    xQueueGenericCreateStatic                0x080023c1   Thumb Code    62  queue.o(i.xQueueGenericCreateStatic)
    xQueueGenericReset                       0x08002401   Thumb Code   156  queue.o(i.xQueueGenericReset)
    xQueueReceive                            0x080024a1   Thumb Code   256  queue.o(i.xQueueReceive)
    xTaskCheckForTimeOut                     0x080025a5   Thumb Code    88  tasks.o(i.xTaskCheckForTimeOut)
    xTaskCreateStatic                        0x08002605   Thumb Code    86  tasks.o(i.xTaskCreateStatic)
    xTaskGetSchedulerState                   0x0800265d   Thumb Code    24  tasks.o(i.xTaskGetSchedulerState)
    xTaskGetTickCount                        0x0800267d   Thumb Code     6  tasks.o(i.xTaskGetTickCount)
    xTaskIncrementTick                       0x08002689   Thumb Code   356  tasks.o(i.xTaskIncrementTick)
    xTaskRemoveFromEventList                 0x08002819   Thumb Code   240  tasks.o(i.xTaskRemoveFromEventList)
    xTaskResumeAll                           0x08002921   Thumb Code   310  tasks.o(i.xTaskResumeAll)
    xTimerCreateTimerTask                    0x08002a7d   Thumb Code    76  timers.o(i.xTimerCreateTimerTask)
    AHBPrescTable                            0x08002aee   Data          16  system_stm32f1xx.o(.constdata)
    APBPrescTable                            0x08002afe   Data           8  system_stm32f1xx.o(.constdata)
    Region$$Table$$Base                      0x08002b08   Number         0  anon$$obj.o(Region$$Table)
    Region$$Table$$Limit                     0x08002b28   Number         0  anon$$obj.o(Region$$Table)
    Start_Task_Handler                       0x20000000   Data           4  freertos_demo.o(.data)
    Task1_Handler                            0x20000004   Data           4  freertos_demo.o(.data)
    Task2_Handler                            0x20000008   Data           4  freertos_demo.o(.data)
    Task3_Handler                            0x2000000c   Data           4  freertos_demo.o(.data)
    uwTick                                   0x20000010   Data           4  stm32f1xx_hal.o(.data)
    uwTickPrio                               0x20000014   Data           4  stm32f1xx_hal.o(.data)
    uwTickFreq                               0x20000018   Data           1  stm32f1xx_hal.o(.data)
    SystemCoreClock                          0x2000001c   Data           4  system_stm32f1xx.o(.data)
    pxCurrentTCB                             0x20000020   Data           4  tasks.o(.data)
    uxTopUsedPriority                        0x20000058   Data           4  tasks.o(.data)
    Start_Task_StackBuffer                   0x20000094   Data         512  freertos_demo.o(.bss)
    Start_Task_TCB                           0x20000294   Data          76  freertos_demo.o(.bss)
    Task1_StackBuffer                        0x200002e0   Data         512  freertos_demo.o(.bss)
    Task1_TCB                                0x200004e0   Data          76  freertos_demo.o(.bss)
    Task2_StackBuffer                        0x2000052c   Data         512  freertos_demo.o(.bss)
    Task2_TCB                                0x2000072c   Data          76  freertos_demo.o(.bss)
    Task3_StackBuffer                        0x20000778   Data         512  freertos_demo.o(.bss)
    Task3_TCB                                0x20000978   Data          76  freertos_demo.o(.bss)
    Idle_Task_TCB                            0x200009c4   Data          76  freertos_demo.o(.bss)
    Idle_Task_StackBuffer                    0x20000a10   Data         512  freertos_demo.o(.bss)
    Timer_Task_TCB                           0x20000c10   Data          76  freertos_demo.o(.bss)
    Timer_Task_StackBuffer                   0x20000c5c   Data        1024  freertos_demo.o(.bss)
    htim4                                    0x2000105c   Data          72  stm32f1xx_hal_timebase_tim.o(.bss)
    __libspace_start                         0x20001218   Data          96  libspace.o(.bss)
    __temporary_stack_top$libspace           0x20001278   Data           0  libspace.o(.bss)



==============================================================================

Memory Map of the image

  Image Entry point : 0x080000ed

  Load Region LR_IROM1 (Base: 0x08000000, Size: 0x00002bbc, Max: 0x00010000, ABSOLUTE)

    Execution Region ER_IROM1 (Exec base: 0x08000000, Load base: 0x08000000, Size: 0x00002b28, Max: 0x00010000, ABSOLUTE)

    Exec Addr    Load Addr    Size         Type   Attr      Idx    E Section Name        Object

    0x08000000   0x08000000   0x000000ec   Data   RO            3    RESET               startup_stm32f103xb.o
    0x080000ec   0x080000ec   0x00000008   Code   RO         3723  * !!!main             c_w.l(__main.o)
    0x080000f4   0x080000f4   0x00000034   Code   RO         3882    !!!scatter          c_w.l(__scatter.o)
    0x08000128   0x08000128   0x0000001a   Code   RO         3884    !!handler_copy      c_w.l(__scatter_copy.o)
    0x08000142   0x08000142   0x00000002   PAD
    0x08000144   0x08000144   0x0000001c   Code   RO         3886    !!handler_zi        c_w.l(__scatter_zi.o)
    0x08000160   0x08000160   0x00000002   Code   RO         3752    .ARM.Collect$$libinit$$00000000  c_w.l(libinit.o)
    0x08000162   0x08000162   0x00000000   Code   RO         3759    .ARM.Collect$$libinit$$00000002  c_w.l(libinit2.o)
    0x08000162   0x08000162   0x00000000   Code   RO         3761    .ARM.Collect$$libinit$$00000004  c_w.l(libinit2.o)
    0x08000162   0x08000162   0x00000000   Code   RO         3764    .ARM.Collect$$libinit$$0000000A  c_w.l(libinit2.o)
    0x08000162   0x08000162   0x00000000   Code   RO         3766    .ARM.Collect$$libinit$$0000000C  c_w.l(libinit2.o)
    0x08000162   0x08000162   0x00000000   Code   RO         3768    .ARM.Collect$$libinit$$0000000E  c_w.l(libinit2.o)
    0x08000162   0x08000162   0x00000000   Code   RO         3771    .ARM.Collect$$libinit$$00000011  c_w.l(libinit2.o)
    0x08000162   0x08000162   0x00000000   Code   RO         3773    .ARM.Collect$$libinit$$00000013  c_w.l(libinit2.o)
    0x08000162   0x08000162   0x00000000   Code   RO         3775    .ARM.Collect$$libinit$$00000015  c_w.l(libinit2.o)
    0x08000162   0x08000162   0x00000000   Code   RO         3777    .ARM.Collect$$libinit$$00000017  c_w.l(libinit2.o)
    0x08000162   0x08000162   0x00000000   Code   RO         3779    .ARM.Collect$$libinit$$00000019  c_w.l(libinit2.o)
    0x08000162   0x08000162   0x00000000   Code   RO         3781    .ARM.Collect$$libinit$$0000001B  c_w.l(libinit2.o)
    0x08000162   0x08000162   0x00000000   Code   RO         3783    .ARM.Collect$$libinit$$0000001D  c_w.l(libinit2.o)
    0x08000162   0x08000162   0x00000000   Code   RO         3785    .ARM.Collect$$libinit$$0000001F  c_w.l(libinit2.o)
    0x08000162   0x08000162   0x00000000   Code   RO         3787    .ARM.Collect$$libinit$$00000021  c_w.l(libinit2.o)
    0x08000162   0x08000162   0x00000000   Code   RO         3789    .ARM.Collect$$libinit$$00000023  c_w.l(libinit2.o)
    0x08000162   0x08000162   0x00000000   Code   RO         3791    .ARM.Collect$$libinit$$00000025  c_w.l(libinit2.o)
    0x08000162   0x08000162   0x00000000   Code   RO         3795    .ARM.Collect$$libinit$$0000002C  c_w.l(libinit2.o)
    0x08000162   0x08000162   0x00000000   Code   RO         3797    .ARM.Collect$$libinit$$0000002E  c_w.l(libinit2.o)
    0x08000162   0x08000162   0x00000000   Code   RO         3799    .ARM.Collect$$libinit$$00000030  c_w.l(libinit2.o)
    0x08000162   0x08000162   0x00000000   Code   RO         3801    .ARM.Collect$$libinit$$00000032  c_w.l(libinit2.o)
    0x08000162   0x08000162   0x00000002   Code   RO         3802    .ARM.Collect$$libinit$$00000033  c_w.l(libinit2.o)
    0x08000164   0x08000164   0x00000002   Code   RO         3822    .ARM.Collect$$libshutdown$$00000000  c_w.l(libshutdown.o)
    0x08000166   0x08000166   0x00000000   Code   RO         3835    .ARM.Collect$$libshutdown$$00000002  c_w.l(libshutdown2.o)
    0x08000166   0x08000166   0x00000000   Code   RO         3837    .ARM.Collect$$libshutdown$$00000004  c_w.l(libshutdown2.o)
    0x08000166   0x08000166   0x00000000   Code   RO         3840    .ARM.Collect$$libshutdown$$00000007  c_w.l(libshutdown2.o)
    0x08000166   0x08000166   0x00000000   Code   RO         3843    .ARM.Collect$$libshutdown$$0000000A  c_w.l(libshutdown2.o)
    0x08000166   0x08000166   0x00000000   Code   RO         3845    .ARM.Collect$$libshutdown$$0000000C  c_w.l(libshutdown2.o)
    0x08000166   0x08000166   0x00000000   Code   RO         3848    .ARM.Collect$$libshutdown$$0000000F  c_w.l(libshutdown2.o)
    0x08000166   0x08000166   0x00000002   Code   RO         3849    .ARM.Collect$$libshutdown$$00000010  c_w.l(libshutdown2.o)
    0x08000168   0x08000168   0x00000000   Code   RO         3725    .ARM.Collect$$rtentry$$00000000  c_w.l(__rtentry.o)
    0x08000168   0x08000168   0x00000000   Code   RO         3729    .ARM.Collect$$rtentry$$00000002  c_w.l(__rtentry2.o)
    0x08000168   0x08000168   0x00000006   Code   RO         3741    .ARM.Collect$$rtentry$$00000004  c_w.l(__rtentry4.o)
    0x0800016e   0x0800016e   0x00000000   Code   RO         3731    .ARM.Collect$$rtentry$$00000009  c_w.l(__rtentry2.o)
    0x0800016e   0x0800016e   0x00000004   Code   RO         3732    .ARM.Collect$$rtentry$$0000000A  c_w.l(__rtentry2.o)
    0x08000172   0x08000172   0x00000000   Code   RO         3734    .ARM.Collect$$rtentry$$0000000C  c_w.l(__rtentry2.o)
    0x08000172   0x08000172   0x00000008   Code   RO         3735    .ARM.Collect$$rtentry$$0000000D  c_w.l(__rtentry2.o)
    0x0800017a   0x0800017a   0x00000002   Code   RO         3756    .ARM.Collect$$rtexit$$00000000  c_w.l(rtexit.o)
    0x0800017c   0x0800017c   0x00000000   Code   RO         3804    .ARM.Collect$$rtexit$$00000002  c_w.l(rtexit2.o)
    0x0800017c   0x0800017c   0x00000004   Code   RO         3805    .ARM.Collect$$rtexit$$00000003  c_w.l(rtexit2.o)
    0x08000180   0x08000180   0x00000006   Code   RO         3806    .ARM.Collect$$rtexit$$00000004  c_w.l(rtexit2.o)
    0x08000186   0x08000186   0x00000002   PAD
    0x08000188   0x08000188   0x00000096   Code   RO         3525    .emb_text           port.o
    0x0800021e   0x0800021e   0x00000002   PAD
    0x08000220   0x08000220   0x00000040   Code   RO            4    .text               startup_stm32f103xb.o
    0x08000260   0x08000260   0x0000008a   Code   RO         3715    .text               c_w.l(rt_memcpy_v6.o)
    0x080002ea   0x080002ea   0x0000004e   Code   RO         3719    .text               c_w.l(rt_memclr_w.o)
    0x08000338   0x08000338   0x00000006   Code   RO         3721    .text               c_w.l(heapauxi.o)
    0x0800033e   0x0800033e   0x00000064   Code   RO         3726    .text               c_w.l(rt_memcpy_w.o)
    0x080003a2   0x080003a2   0x0000004a   Code   RO         3743    .text               c_w.l(sys_stackheap_outer.o)
    0x080003ec   0x080003ec   0x00000012   Code   RO         3745    .text               c_w.l(exit.o)
    0x080003fe   0x080003fe   0x00000002   PAD
    0x08000400   0x08000400   0x00000008   Code   RO         3753    .text               c_w.l(libspace.o)
    0x08000408   0x08000408   0x0000000c   Code   RO         3814    .text               c_w.l(sys_exit.o)
    0x08000414   0x08000414   0x00000002   Code   RO         3825    .text               c_w.l(use_no_semi.o)
    0x08000416   0x08000416   0x00000000   Code   RO         3827    .text               c_w.l(indicate_semi.o)
    0x08000416   0x08000416   0x00000004   Code   RO          339    i.BusFault_Handler  stm32f1xx_it.o
    0x0800041a   0x0800041a   0x00000002   Code   RO          340    i.DebugMon_Handler  stm32f1xx_it.o
    0x0800041c   0x0800041c   0x00000006   Code   RO          108    i.Error_Handler     main.o
    0x08000422   0x08000422   0x00000002   PAD
    0x08000424   0x08000424   0x00000040   Code   RO           10    i.FreeRTOS_Start    freertos_demo.o
    0x08000464   0x08000464   0x00000034   Code   RO         3690    i.Get_KeyNum        key.o
    0x08000498   0x08000498   0x00000028   Code   RO         1577    i.HAL_Delay         stm32f1xx_hal.o
    0x080004c0   0x080004c0   0x00000320   Code   RO         1892    i.HAL_GPIO_Init     stm32f1xx_hal_gpio.o
    0x080007e0   0x080007e0   0x00000010   Code   RO         1894    i.HAL_GPIO_ReadPin  stm32f1xx_hal_gpio.o
    0x080007f0   0x080007f0   0x00000014   Code   RO         1895    i.HAL_GPIO_TogglePin  stm32f1xx_hal_gpio.o
    0x08000804   0x08000804   0x0000000c   Code   RO         1896    i.HAL_GPIO_WritePin  stm32f1xx_hal_gpio.o
    0x08000810   0x08000810   0x0000000c   Code   RO         1581    i.HAL_GetTick       stm32f1xx_hal.o
    0x0800081c   0x0800081c   0x00000018   Code   RO         1587    i.HAL_IncTick       stm32f1xx_hal.o
    0x08000834   0x08000834   0x00000028   Code   RO         1588    i.HAL_Init          stm32f1xx_hal.o
    0x0800085c   0x0800085c   0x000000b4   Code   RO          511    i.HAL_InitTick      stm32f1xx_hal_timebase_tim.o
    0x08000910   0x08000910   0x00000060   Code   RO          487    i.HAL_MspInit       stm32f1xx_hal_msp.o
    0x08000970   0x08000970   0x00000020   Code   RO         2052    i.HAL_NVIC_EnableIRQ  stm32f1xx_hal_cortex.o
    0x08000990   0x08000990   0x0000007c   Code   RO         2058    i.HAL_NVIC_SetPriority  stm32f1xx_hal_cortex.o
    0x08000a0c   0x08000a0c   0x00000028   Code   RO         2059    i.HAL_NVIC_SetPriorityGrouping  stm32f1xx_hal_cortex.o
    0x08000a34   0x08000a34   0x0000018c   Code   RO         1745    i.HAL_RCC_ClockConfig  stm32f1xx_hal_rcc.o
    0x08000bc0   0x08000bc0   0x00000044   Code   RO         1749    i.HAL_RCC_GetClockConfig  stm32f1xx_hal_rcc.o
    0x08000c04   0x08000c04   0x0000000c   Code   RO         1750    i.HAL_RCC_GetHCLKFreq  stm32f1xx_hal_rcc.o
    0x08000c10   0x08000c10   0x00000020   Code   RO         1752    i.HAL_RCC_GetPCLK1Freq  stm32f1xx_hal_rcc.o
    0x08000c30   0x08000c30   0x00000070   Code   RO         1754    i.HAL_RCC_GetSysClockFreq  stm32f1xx_hal_rcc.o
    0x08000ca0   0x08000ca0   0x00000464   Code   RO         1757    i.HAL_RCC_OscConfig  stm32f1xx_hal_rcc.o
    0x08001104   0x08001104   0x00000002   Code   RO         1303    i.HAL_TIMEx_BreakCallback  stm32f1xx_hal_tim_ex.o
    0x08001106   0x08001106   0x00000002   Code   RO         1304    i.HAL_TIMEx_CommutCallback  stm32f1xx_hal_tim_ex.o
    0x08001108   0x08001108   0x00000066   Code   RO          588    i.HAL_TIM_Base_Init  stm32f1xx_hal_tim.o
    0x0800116e   0x0800116e   0x00000002   Code   RO          590    i.HAL_TIM_Base_MspInit  stm32f1xx_hal_tim.o
    0x08001170   0x08001170   0x00000078   Code   RO          593    i.HAL_TIM_Base_Start_IT  stm32f1xx_hal_tim.o
    0x080011e8   0x080011e8   0x00000002   Code   RO          622    i.HAL_TIM_IC_CaptureCallback  stm32f1xx_hal_tim.o
    0x080011ea   0x080011ea   0x00000196   Code   RO          636    i.HAL_TIM_IRQHandler  stm32f1xx_hal_tim.o
    0x08001380   0x08001380   0x00000002   Code   RO          639    i.HAL_TIM_OC_DelayElapsedCallback  stm32f1xx_hal_tim.o
    0x08001382   0x08001382   0x00000002   Code   RO          666    i.HAL_TIM_PWM_PulseFinishedCallback  stm32f1xx_hal_tim.o
    0x08001384   0x08001384   0x00000018   Code   RO          109    i.HAL_TIM_PeriodElapsedCallback  main.o
    0x0800139c   0x0800139c   0x00000002   Code   RO          679    i.HAL_TIM_TriggerCallback  stm32f1xx_hal_tim.o
    0x0800139e   0x0800139e   0x00000004   Code   RO          341    i.HardFault_Handler  stm32f1xx_it.o
    0x080013a2   0x080013a2   0x00000002   PAD
    0x080013a4   0x080013a4   0x00000018   Code   RO         3660    i.LED1_Triggle      led.o
    0x080013bc   0x080013bc   0x00000018   Code   RO         3661    i.LED2_Triggle      led.o
    0x080013d4   0x080013d4   0x000000a4   Code   RO          234    i.MX_GPIO_Init      gpio.o
    0x08001478   0x08001478   0x00000004   Code   RO          342    i.MemManage_Handler  stm32f1xx_it.o
    0x0800147c   0x0800147c   0x00000004   Code   RO          343    i.NMI_Handler       stm32f1xx_it.o
    0x08001480   0x08001480   0x00000028   Code   RO         1758    i.RCC_Delay         stm32f1xx_hal_rcc.o
    0x080014a8   0x080014a8   0x000000b0   Code   RO           11    i.Start_Task        freertos_demo.o
    0x08001558   0x08001558   0x00000010   Code   RO          344    i.SysTick_Handler   stm32f1xx_it.o
    0x08001568   0x08001568   0x00000066   Code   RO          110    i.SystemClock_Config  main.o
    0x080015ce   0x080015ce   0x00000002   Code   RO         2579    i.SystemInit        system_stm32f1xx.o
    0x080015d0   0x080015d0   0x00000010   Code   RO          345    i.TIM4_IRQHandler   stm32f1xx_it.o
    0x080015e0   0x080015e0   0x00000074   Code   RO          681    i.TIM_Base_SetConfig  stm32f1xx_hal_tim.o
    0x08001654   0x08001654   0x00000008   Code   RO           12    i.Task1             freertos_demo.o
    0x0800165c   0x0800165c   0x00000008   Code   RO           13    i.Task2             freertos_demo.o
    0x08001664   0x08001664   0x0000002c   Code   RO           14    i.Task3             freertos_demo.o
    0x08001690   0x08001690   0x00000004   Code   RO          346    i.UsageFault_Handler  stm32f1xx_it.o
    0x08001694   0x08001694   0x00000010   Code   RO         2065    i.__NVIC_GetPriorityGrouping  stm32f1xx_hal_cortex.o
    0x080016a4   0x080016a4   0x00000028   Code   RO         2066    i.__NVIC_SetPriority  stm32f1xx_hal_cortex.o
    0x080016cc   0x080016cc   0x00000014   Code   RO          111    i.main              main.o
    0x080016e0   0x080016e0   0x000000c0   Code   RO         3056    i.prvAddCurrentTaskToDelayedList  tasks.o
    0x080017a0   0x080017a0   0x000000e4   Code   RO         3057    i.prvAddNewTaskToReadyList  tasks.o
    0x08001884   0x08001884   0x0000005c   Code   RO         3372    i.prvCheckForValidListAndQueue  timers.o
    0x080018e0   0x080018e0   0x00000048   Code   RO         3058    i.prvCheckTasksWaitingTermination  tasks.o
    0x08001928   0x08001928   0x0000002a   Code   RO         2758    i.prvCopyDataFromQueue  queue.o
    0x08001952   0x08001952   0x00000028   Code   RO         3059    i.prvDeleteTCB      tasks.o
    0x0800197a   0x0800197a   0x00000002   PAD
    0x0800197c   0x0800197c   0x00000028   Code   RO         3373    i.prvGetNextExpireTime  timers.o
    0x080019a4   0x080019a4   0x00000028   Code   RO         3060    i.prvIdleTask       tasks.o
    0x080019cc   0x080019cc   0x00000026   Code   RO         2760    i.prvInitialiseNewQueue  queue.o
    0x080019f2   0x080019f2   0x0000007a   Code   RO         3061    i.prvInitialiseNewTask  tasks.o
    0x08001a6c   0x08001a6c   0x00000068   Code   RO         3062    i.prvInitialiseTaskLists  tasks.o
    0x08001ad4   0x08001ad4   0x00000068   Code   RO         3597    i.prvInsertBlockIntoFreeList  heap_4.o
    0x08001b3c   0x08001b3c   0x00000058   Code   RO         3375    i.prvInsertTimerInActiveList  timers.o
    0x08001b94   0x08001b94   0x0000001a   Code   RO         2761    i.prvIsQueueEmpty   queue.o
    0x08001bae   0x08001bae   0x00000002   PAD
    0x08001bb0   0x08001bb0   0x00000044   Code   RO         3376    i.prvProcessExpiredTimer  timers.o
    0x08001bf4   0x08001bf4   0x000000f8   Code   RO         3377    i.prvProcessReceivedCommands  timers.o
    0x08001cec   0x08001cec   0x00000074   Code   RO         3378    i.prvProcessTimerOrBlockTask  timers.o
    0x08001d60   0x08001d60   0x00000028   Code   RO         3379    i.prvReloadTimer    timers.o
    0x08001d88   0x08001d88   0x00000030   Code   RO         3063    i.prvResetNextTaskUnblockTime  tasks.o
    0x08001db8   0x08001db8   0x0000002c   Code   RO         3380    i.prvSampleTimeNow  timers.o
    0x08001de4   0x08001de4   0x00000044   Code   RO         3381    i.prvSwitchTimerLists  timers.o
    0x08001e28   0x08001e28   0x00000016   Code   RO         3526    i.prvTaskExitError  port.o
    0x08001e3e   0x08001e3e   0x0000001a   Code   RO         3382    i.prvTimerTask      timers.o
    0x08001e58   0x08001e58   0x0000007e   Code   RO         2763    i.prvUnlockQueue    queue.o
    0x08001ed6   0x08001ed6   0x00000002   PAD
    0x08001ed8   0x08001ed8   0x00000024   Code   RO         3527    i.pxPortInitialiseStack  port.o
    0x08001efc   0x08001efc   0x00000028   Code   RO         2719    i.uxListRemove      list.o
    0x08001f24   0x08001f24   0x00000018   Code   RO           15    i.vApplicationGetIdleTaskMemory  freertos_demo.o
    0x08001f3c   0x08001f3c   0x00000018   Code   RO           16    i.vApplicationGetTimerTaskMemory  freertos_demo.o
    0x08001f54   0x08001f54   0x0000001a   Code   RO         2720    i.vListInitialise   list.o
    0x08001f6e   0x08001f6e   0x00000006   Code   RO         2721    i.vListInitialiseItem  list.o
    0x08001f74   0x08001f74   0x00000034   Code   RO         2722    i.vListInsert       list.o
    0x08001fa8   0x08001fa8   0x00000018   Code   RO         2723    i.vListInsertEnd    list.o
    0x08001fc0   0x08001fc0   0x00000024   Code   RO         3529    i.vPortEnterCritical  port.o
    0x08001fe4   0x08001fe4   0x00000020   Code   RO         3530    i.vPortExitCritical  port.o
    0x08002004   0x08002004   0x0000004c   Code   RO         3600    i.vPortFree         heap_4.o
    0x08002050   0x08002050   0x00000018   Code   RO         3531    i.vPortSetupTimerInterrupt  port.o
    0x08002068   0x08002068   0x0000004a   Code   RO         2768    i.vQueueWaitForMessageRestricted  queue.o
    0x080020b2   0x080020b2   0x00000002   PAD
    0x080020b4   0x080020b4   0x00000034   Code   RO         3071    i.vTaskDelay        tasks.o
    0x080020e8   0x080020e8   0x000000d4   Code   RO         3072    i.vTaskDelete       tasks.o
    0x080021bc   0x080021bc   0x00000018   Code   RO         3075    i.vTaskInternalSetTimeOutState  tasks.o
    0x080021d4   0x080021d4   0x0000000c   Code   RO         3076    i.vTaskMissedYield  tasks.o
    0x080021e0   0x080021e0   0x00000020   Code   RO         3077    i.vTaskPlaceOnEventList  tasks.o
    0x08002200   0x08002200   0x0000004c   Code   RO         3078    i.vTaskPlaceOnEventListRestricted  tasks.o
    0x0800224c   0x0800224c   0x0000009c   Code   RO         3084    i.vTaskStartScheduler  tasks.o
    0x080022e8   0x080022e8   0x00000010   Code   RO         3086    i.vTaskSuspendAll   tasks.o
    0x080022f8   0x080022f8   0x00000060   Code   RO         3087    i.vTaskSwitchContext  tasks.o
    0x08002358   0x08002358   0x00000034   Code   RO         3532    i.xPortStartScheduler  port.o
    0x0800238c   0x0800238c   0x00000034   Code   RO         3533    i.xPortSysTickHandler  port.o
    0x080023c0   0x080023c0   0x0000003e   Code   RO         2770    i.xQueueGenericCreateStatic  queue.o
    0x080023fe   0x080023fe   0x00000002   PAD
    0x08002400   0x08002400   0x000000a0   Code   RO         2771    i.xQueueGenericReset  queue.o
    0x080024a0   0x080024a0   0x00000104   Code   RO         2779    i.xQueueReceive     queue.o
    0x080025a4   0x080025a4   0x00000060   Code   RO         3089    i.xTaskCheckForTimeOut  tasks.o
    0x08002604   0x08002604   0x00000056   Code   RO         3091    i.xTaskCreateStatic  tasks.o
    0x0800265a   0x0800265a   0x00000002   PAD
    0x0800265c   0x0800265c   0x00000020   Code   RO         3098    i.xTaskGetSchedulerState  tasks.o
    0x0800267c   0x0800267c   0x0000000c   Code   RO         3099    i.xTaskGetTickCount  tasks.o
    0x08002688   0x08002688   0x00000190   Code   RO         3101    i.xTaskIncrementTick  tasks.o
    0x08002818   0x08002818   0x00000108   Code   RO         3102    i.xTaskRemoveFromEventList  tasks.o
    0x08002920   0x08002920   0x0000015c   Code   RO         3103    i.xTaskResumeAll    tasks.o
    0x08002a7c   0x08002a7c   0x00000060   Code   RO         3389    i.xTimerCreateTimerTask  timers.o
    0x08002adc   0x08002adc   0x00000012   Data   RO         1759    .constdata          stm32f1xx_hal_rcc.o
    0x08002aee   0x08002aee   0x00000018   Data   RO         2580    .constdata          system_stm32f1xx.o
    0x08002b06   0x08002b06   0x00000002   PAD
    0x08002b08   0x08002b08   0x00000020   Data   RO         3880    Region$$Table       anon$$obj.o


    Execution Region RW_IRAM1 (Exec base: 0x20000000, Load base: 0x08002b28, Size: 0x00001878, Max: 0x00005000, ABSOLUTE)

    Exec Addr    Load Addr    Size         Type   Attr      Idx    E Section Name        Object

    0x20000000   0x08002b28   0x00000010   Data   RW           18    .data               freertos_demo.o
    0x20000010   0x08002b38   0x00000009   Data   RW         1595    .data               stm32f1xx_hal.o
    0x20000019   0x08002b41   0x00000003   PAD
    0x2000001c   0x08002b44   0x00000004   Data   RW         2581    .data               system_stm32f1xx.o
    0x20000020   0x08002b48   0x00000040   Data   RW         3106    .data               tasks.o
    0x20000060   0x08002b88   0x00000014   Data   RW         3397    .data               timers.o
    0x20000074   0x08002b9c   0x00000004   Data   RW         3534    .data               port.o
    0x20000078   0x08002ba0   0x0000001c   Data   RW         3606    .data               heap_4.o
    0x20000094        -       0x00000fc8   Zero   RW           17    .bss                freertos_demo.o
    0x2000105c        -       0x00000048   Zero   RW          514    .bss                stm32f1xx_hal_timebase_tim.o
    0x200010a4        -       0x000000c8   Zero   RW         3105    .bss                tasks.o
    0x2000116c        -       0x000000ac   Zero   RW         3396    .bss                timers.o
    0x20001218        -       0x00000060   Zero   RW         3754    .bss                c_w.l(libspace.o)
    0x20001278        -       0x00000200   Zero   RW            2    HEAP                startup_stm32f103xb.o
    0x20001478        -       0x00000400   Zero   RW            1    STACK               startup_stm32f103xb.o


==============================================================================

Image component sizes


      Code (inc. data)   RO Data    RW Data    ZI Data      Debug   Object Name

         0          0          0          0          0      24640   event_groups.o
       348        124          0         16       4040      34862   freertos_demo.o
       164         12          0          0          0     413375   gpio.o
       180         16          0         28          0       3272   heap_4.o
        52          6          0          0          0        517   key.o
        48          8          0          0          0        914   led.o
       148          0          0          0          0      13314   list.o
       152          6          0          0          0     408992   main.o
       404         48          0          4          0       9496   port.o
       788          8          0          0          0      10866   queue.o
        64         26        236          0       1536        812   startup_stm32f103xb.o
       116         24          0          9          0       5262   stm32f1xx_hal.o
       252         22          0          0          0      28682   stm32f1xx_hal_cortex.o
       848         34          0          0          0       3936   stm32f1xx_hal_gpio.o
        96         10          0          0          0        898   stm32f1xx_hal_msp.o
      1784         98         18          0          0       6046   stm32f1xx_hal_rcc.o
       754         26          0          0          0       6178   stm32f1xx_hal_tim.o
         4          0          0          0          0       1553   stm32f1xx_hal_tim_ex.o
       180         22          0          0         72       1467   stm32f1xx_hal_timebase_tim.o
        54          6          0          0          0       3689   stm32f1xx_it.o
         2          0         24          4          0       1119   system_stm32f1xx.o
      2760        370          0         64        200      42710   tasks.o
       926        110          0         20        172      13836   timers.o

    ----------------------------------------------------------------------
     10142        976        312        148       6020    1036436   Object Totals
         0          0         32          0          0          0   (incl. Generated)
        18          0          2          3          0          0   (incl. Padding)

    ----------------------------------------------------------------------

      Code (inc. data)   RO Data    RW Data    ZI Data      Debug   Library Member Name

         8          0          0          0          0         68   __main.o
         0          0          0          0          0          0   __rtentry.o
        12          0          0          0          0          0   __rtentry2.o
         6          0          0          0          0          0   __rtentry4.o
        52          8          0          0          0          0   __scatter.o
        26          0          0          0          0          0   __scatter_copy.o
        28          0          0          0          0          0   __scatter_zi.o
        18          0          0          0          0         80   exit.o
         6          0          0          0          0        152   heapauxi.o
         0          0          0          0          0          0   indicate_semi.o
         2          0          0          0          0          0   libinit.o
         2          0          0          0          0          0   libinit2.o
         2          0          0          0          0          0   libshutdown.o
         2          0          0          0          0          0   libshutdown2.o
         8          4          0          0         96         68   libspace.o
        78          0          0          0          0         80   rt_memclr_w.o
       138          0          0          0          0         68   rt_memcpy_v6.o
       100          0          0          0          0         80   rt_memcpy_w.o
         2          0          0          0          0          0   rtexit.o
        10          0          0          0          0          0   rtexit2.o
        12          4          0          0          0         68   sys_exit.o
        74          0          0          0          0         80   sys_stackheap_outer.o
         2          0          0          0          0         68   use_no_semi.o

    ----------------------------------------------------------------------
       594         16          0          0         96        812   Library Totals
         6          0          0          0          0          0   (incl. Padding)

    ----------------------------------------------------------------------

      Code (inc. data)   RO Data    RW Data    ZI Data      Debug   Library Name

       588         16          0          0         96        812   c_w.l

    ----------------------------------------------------------------------
       594         16          0          0         96        812   Library Totals

    ----------------------------------------------------------------------

==============================================================================


      Code (inc. data)   RO Data    RW Data    ZI Data      Debug   

     10736        992        312        148       6116    1031212   Grand Totals
     10736        992        312        148       6116    1031212   ELF Image Totals
     10736        992        312        148          0          0   ROM Totals

==============================================================================

    Total RO  Size (Code + RO Data)                11048 (  10.79kB)
    Total RW  Size (RW Data + ZI Data)              6264 (   6.12kB)
    Total ROM Size (Code + RO Data + RW Data)      11196 (  10.93kB)

==============================================================================

